
Allocating common symbols
Common symbol       size              file

bss_var             0x2               main.o

Memory Configuration

Name             Origin             Length             Attributes
flash            0x08000000         0x00020000         xr
sram             0x20000000         0x00005000         xrw
*default*        0x00000000         0xffffffff

Linker script and memory map


.text           0x08000000      0x194
 *(.vectors)
 .vectors       0x08000000       0x18 startup.o
                0x08000000                vectors
 *(.text*)
 .text          0x08000018       0xbc main.o
                0x08000018                main
 .text          0x080000d4       0xbc startup.o
                0x080000d4                MM_fault
                0x080000d4                Bus_Fault
                0x080000d4                Hard_Fault
                0x080000d4                Default_Handler
                0x080000d4                NMI
                0x080000e0                Reset_Handler
 *(.rodata*)
 .rodata        0x08000190        0x4 main.o
                0x08000190                c_variable
                0x08000194                _E_text = .

.glue_7         0x08000194        0x0
 .glue_7        0x00000000        0x0 linker stubs

.glue_7t        0x08000194        0x0
 .glue_7t       0x00000000        0x0 linker stubs

.vfp11_veneer   0x08000194        0x0
 .vfp11_veneer  0x00000000        0x0 linker stubs

.v4_bx          0x08000194        0x0
 .v4_bx         0x00000000        0x0 linker stubs

.iplt           0x08000194        0x0
 .iplt          0x00000000        0x0 main.o

.rel.dyn        0x08000194        0x0
 .rel.iplt      0x00000000        0x0 main.o

.data           0x20000000        0x8 load address 0x08000194
                0x20000000                _S_DATA = .
 *(.data)
 .data          0x20000000        0x8 main.o
                0x20000000                ptr_PA
                0x20000004                g_variable
 .data          0x20000008        0x0 startup.o
                0x20000008                . = ALIGN (0x4)
                0x20000008                _E_DATA = .

.igot.plt       0x20000008        0x0 load address 0x0800019c
 .igot.plt      0x00000000        0x0 main.o

.bss            0x20000008     0x1002 load address 0x0800019c
                0x20000008                _S_bss = .
 *(.bss)
 .bss           0x20000008        0x0 main.o
 .bss           0x20000008        0x0 startup.o
                0x20000008                _E_bss = .
                0x20000008                . = ALIGN (0x4)
                0x20001008                . = (. + 0x1000)
 *fill*         0x20000008     0x1000 
                0x20001008                _stack_top = .
 COMMON         0x20001008        0x2 main.o
                0x20001008                bss_var
LOAD main.o
LOAD startup.o
OUTPUT(Led_Toggling_Cortex_m3.elf elf32-littlearm)

.debug_info     0x00000000      0x354
 .debug_info    0x00000000      0x1b4 main.o
 .debug_info    0x000001b4      0x1a0 startup.o

.debug_abbrev   0x00000000      0x1ac
 .debug_abbrev  0x00000000       0xd8 main.o
 .debug_abbrev  0x000000d8       0xd4 startup.o

.debug_loc      0x00000000       0x9c
 .debug_loc     0x00000000       0x38 main.o
 .debug_loc     0x00000038       0x64 startup.o

.debug_aranges  0x00000000       0x40
 .debug_aranges
                0x00000000       0x20 main.o
 .debug_aranges
                0x00000020       0x20 startup.o

.debug_line     0x00000000      0x15e
 .debug_line    0x00000000       0xb2 main.o
 .debug_line    0x000000b2       0xac startup.o

.debug_str      0x00000000      0x1a1
 .debug_str     0x00000000      0x121 main.o
                                0x168 (size before relaxing)
 .debug_str     0x00000121       0x80 startup.o
                                0x189 (size before relaxing)

.comment        0x00000000       0x11
 .comment       0x00000000       0x11 main.o
                                 0x12 (size before relaxing)
 .comment       0x00000000       0x12 startup.o

.ARM.attributes
                0x00000000       0x33
 .ARM.attributes
                0x00000000       0x33 main.o
 .ARM.attributes
                0x00000033       0x33 startup.o

.debug_frame    0x00000000       0x7c
 .debug_frame   0x00000000       0x30 main.o
 .debug_frame   0x00000030       0x4c startup.o
