../STM32F103C6_Drivers/MCAL/EXTI_DRIVER/exti_driver.c:41:6:Enable_NVIC	16	static
../STM32F103C6_Drivers/MCAL/EXTI_DRIVER/exti_driver.c:77:6:Disable_NVIC	16	static
../STM32F103C6_Drivers/MCAL/EXTI_DRIVER/exti_driver.c:114:6:Update_EXTI	24	static
../STM32F103C6_Drivers/MCAL/EXTI_DRIVER/exti_driver.c:190:6:MCAL_EXTI_GPIO_DEINIT	4	static
../STM32F103C6_Drivers/MCAL/EXTI_DRIVER/exti_driver.c:217:6:MCAL_EXTI_GPIO_INIT	16	static
../STM32F103C6_Drivers/MCAL/EXTI_DRIVER/exti_driver.c:232:6:MCAL_EXTI_GPIO_UPDATE	16	static
../STM32F103C6_Drivers/MCAL/EXTI_DRIVER/exti_driver.c:242:6:EXTI0_IRQHandler	8	static
../STM32F103C6_Drivers/MCAL/EXTI_DRIVER/exti_driver.c:250:6:EXTI1_IRQHandler	8	static
../STM32F103C6_Drivers/MCAL/EXTI_DRIVER/exti_driver.c:257:6:EXTI2_IRQHandler	8	static
../STM32F103C6_Drivers/MCAL/EXTI_DRIVER/exti_driver.c:264:6:EXTI3_IRQHandler	8	static
../STM32F103C6_Drivers/MCAL/EXTI_DRIVER/exti_driver.c:271:6:EXTI4_IRQHandler	8	static
../STM32F103C6_Drivers/MCAL/EXTI_DRIVER/exti_driver.c:278:6:EXTI9_5_IRQHandler	8	static
../STM32F103C6_Drivers/MCAL/EXTI_DRIVER/exti_driver.c:286:6:EXTI15_10_IRQHandler	8	static
