Archive member included to satisfy reference by file (symbol)

C:/ST/STM32CubeIDE_1.17.0/STM32CubeIDE/plugins/com.st.stm32cube.ide.mcu.externaltools.gnu-tools-for-stm32.12.3.rel1.win32_1.1.0.202410251130/tools/bin/../lib/gcc/arm-none-eabi/12.3.1/../../../../arm-none-eabi/lib/thumb/v7-m/nofp\libc_nano.a(libc_a-exit.o)
                              C:/ST/STM32CubeIDE_1.17.0/STM32CubeIDE/plugins/com.st.stm32cube.ide.mcu.externaltools.gnu-tools-for-stm32.12.3.rel1.win32_1.1.0.202410251130/tools/bin/../lib/gcc/arm-none-eabi/12.3.1/../../../../arm-none-eabi/lib/thumb/v7-m/nofp/crt0.o (exit)
C:/ST/STM32CubeIDE_1.17.0/STM32CubeIDE/plugins/com.st.stm32cube.ide.mcu.externaltools.gnu-tools-for-stm32.12.3.rel1.win32_1.1.0.202410251130/tools/bin/../lib/gcc/arm-none-eabi/12.3.1/../../../../arm-none-eabi/lib/thumb/v7-m/nofp\libc_nano.a(libc_a-findfp.o)
                              C:/ST/STM32CubeIDE_1.17.0/STM32CubeIDE/plugins/com.st.stm32cube.ide.mcu.externaltools.gnu-tools-for-stm32.12.3.rel1.win32_1.1.0.202410251130/tools/bin/../lib/gcc/arm-none-eabi/12.3.1/../../../../arm-none-eabi/lib/thumb/v7-m/nofp\libc_nano.a(libc_a-exit.o) (__stdio_exit_handler)
C:/ST/STM32CubeIDE_1.17.0/STM32CubeIDE/plugins/com.st.stm32cube.ide.mcu.externaltools.gnu-tools-for-stm32.12.3.rel1.win32_1.1.0.202410251130/tools/bin/../lib/gcc/arm-none-eabi/12.3.1/../../../../arm-none-eabi/lib/thumb/v7-m/nofp\libc_nano.a(libc_a-fwalk.o)
                              C:/ST/STM32CubeIDE_1.17.0/STM32CubeIDE/plugins/com.st.stm32cube.ide.mcu.externaltools.gnu-tools-for-stm32.12.3.rel1.win32_1.1.0.202410251130/tools/bin/../lib/gcc/arm-none-eabi/12.3.1/../../../../arm-none-eabi/lib/thumb/v7-m/nofp\libc_nano.a(libc_a-findfp.o) (_fwalk_sglue)
C:/ST/STM32CubeIDE_1.17.0/STM32CubeIDE/plugins/com.st.stm32cube.ide.mcu.externaltools.gnu-tools-for-stm32.12.3.rel1.win32_1.1.0.202410251130/tools/bin/../lib/gcc/arm-none-eabi/12.3.1/../../../../arm-none-eabi/lib/thumb/v7-m/nofp\libc_nano.a(libc_a-stdio.o)
                              C:/ST/STM32CubeIDE_1.17.0/STM32CubeIDE/plugins/com.st.stm32cube.ide.mcu.externaltools.gnu-tools-for-stm32.12.3.rel1.win32_1.1.0.202410251130/tools/bin/../lib/gcc/arm-none-eabi/12.3.1/../../../../arm-none-eabi/lib/thumb/v7-m/nofp\libc_nano.a(libc_a-findfp.o) (__sread)
C:/ST/STM32CubeIDE_1.17.0/STM32CubeIDE/plugins/com.st.stm32cube.ide.mcu.externaltools.gnu-tools-for-stm32.12.3.rel1.win32_1.1.0.202410251130/tools/bin/../lib/gcc/arm-none-eabi/12.3.1/../../../../arm-none-eabi/lib/thumb/v7-m/nofp\libc_nano.a(libc_a-memset.o)
                              C:/ST/STM32CubeIDE_1.17.0/STM32CubeIDE/plugins/com.st.stm32cube.ide.mcu.externaltools.gnu-tools-for-stm32.12.3.rel1.win32_1.1.0.202410251130/tools/bin/../lib/gcc/arm-none-eabi/12.3.1/../../../../arm-none-eabi/lib/thumb/v7-m/nofp/crt0.o (memset)
C:/ST/STM32CubeIDE_1.17.0/STM32CubeIDE/plugins/com.st.stm32cube.ide.mcu.externaltools.gnu-tools-for-stm32.12.3.rel1.win32_1.1.0.202410251130/tools/bin/../lib/gcc/arm-none-eabi/12.3.1/../../../../arm-none-eabi/lib/thumb/v7-m/nofp\libc_nano.a(libc_a-closer.o)
                              C:/ST/STM32CubeIDE_1.17.0/STM32CubeIDE/plugins/com.st.stm32cube.ide.mcu.externaltools.gnu-tools-for-stm32.12.3.rel1.win32_1.1.0.202410251130/tools/bin/../lib/gcc/arm-none-eabi/12.3.1/../../../../arm-none-eabi/lib/thumb/v7-m/nofp\libc_nano.a(libc_a-stdio.o) (_close_r)
C:/ST/STM32CubeIDE_1.17.0/STM32CubeIDE/plugins/com.st.stm32cube.ide.mcu.externaltools.gnu-tools-for-stm32.12.3.rel1.win32_1.1.0.202410251130/tools/bin/../lib/gcc/arm-none-eabi/12.3.1/../../../../arm-none-eabi/lib/thumb/v7-m/nofp\libc_nano.a(libc_a-reent.o)
                              C:/ST/STM32CubeIDE_1.17.0/STM32CubeIDE/plugins/com.st.stm32cube.ide.mcu.externaltools.gnu-tools-for-stm32.12.3.rel1.win32_1.1.0.202410251130/tools/bin/../lib/gcc/arm-none-eabi/12.3.1/../../../../arm-none-eabi/lib/thumb/v7-m/nofp\libc_nano.a(libc_a-closer.o) (errno)
C:/ST/STM32CubeIDE_1.17.0/STM32CubeIDE/plugins/com.st.stm32cube.ide.mcu.externaltools.gnu-tools-for-stm32.12.3.rel1.win32_1.1.0.202410251130/tools/bin/../lib/gcc/arm-none-eabi/12.3.1/../../../../arm-none-eabi/lib/thumb/v7-m/nofp\libc_nano.a(libc_a-impure.o)
                              C:/ST/STM32CubeIDE_1.17.0/STM32CubeIDE/plugins/com.st.stm32cube.ide.mcu.externaltools.gnu-tools-for-stm32.12.3.rel1.win32_1.1.0.202410251130/tools/bin/../lib/gcc/arm-none-eabi/12.3.1/../../../../arm-none-eabi/lib/thumb/v7-m/nofp\libc_nano.a(libc_a-reent.o) (_impure_ptr)
C:/ST/STM32CubeIDE_1.17.0/STM32CubeIDE/plugins/com.st.stm32cube.ide.mcu.externaltools.gnu-tools-for-stm32.12.3.rel1.win32_1.1.0.202410251130/tools/bin/../lib/gcc/arm-none-eabi/12.3.1/../../../../arm-none-eabi/lib/thumb/v7-m/nofp\libc_nano.a(libc_a-lseekr.o)
[...]
Memory Configuration

Name             Origin             Length             Attributes
RAM              0x20000000         0x00002800         xrw
FLASH            0x08000000         0x00008000         xr
*default*        0x00000000         0xffffffff

Linker script and memory map

LOAD C:/ST/STM32CubeIDE_1.17.0/STM32CubeIDE/plugins/com.st.stm32cube.ide.mcu.externaltools.gnu-tools-for-stm32.12.3.rel1.win32_1.1.0.202410251130/tools/bin/../lib/gcc/arm-none-eabi/12.3.1/thumb/v7-m/nofp/crti.o
LOAD C:/ST/STM32CubeIDE_1.17.0/STM32CubeIDE/plugins/com.st.stm32cube.ide.mcu.externaltools.gnu-tools-for-stm32.12.3.rel1.win32_1.1.0.202410251130/tools/bin/../lib/gcc/arm-none-eabi/12.3.1/thumb/v7-m/nofp/crtbegin.o
LOAD C:/ST/STM32CubeIDE_1.17.0/STM32CubeIDE/plugins/com.st.stm32cube.ide.mcu.externaltools.gnu-tools-for-stm32.12.3.rel1.win32_1.1.0.202410251130/tools/bin/../lib/gcc/arm-none-eabi/12.3.1/../../../../arm-none-eabi/lib/thumb/v7-m/nofp/crt0.o
LOAD ./STM32F103C6_Drivers/HAL/KEYPAD_driver/keypad.o
LOAD ./STM32F103C6_Drivers/HAL/LCD_DRIVER/lcd.o
LOAD ./STM32F103C6_Drivers/MCAL/EXTI_DRIVER/exti_driver.o
LOAD ./STM32F103C6_Drivers/MCAL/GPIO_DRIVER/gpio_driver.o
LOAD ./STM32F103C6_Drivers/MCAL/I2C_DRIVER/i2c_driver.o
LOAD ./STM32F103C6_Drivers/MCAL/RCC_DRIVER/rcc_driver.o
LOAD ./STM32F103C6_Drivers/MCAL/SPI_DRIVER/spi_driver.o
LOAD ./STM32F103C6_Drivers/MCAL/UASRT_DRIVER/usart_driver.o
LOAD ./Src/main.o
LOAD ./Src/syscalls.o
LOAD ./Src/sysmem.o
LOAD ./Startup/startup_stm32f103c6tx.o
START GROUP
LOAD C:/ST/STM32CubeIDE_1.17.0/STM32CubeIDE/plugins/com.st.stm32cube.ide.mcu.externaltools.gnu-tools-for-stm32.12.3.rel1.win32_1.1.0.202410251130/tools/bin/../lib/gcc/arm-none-eabi/12.3.1/../../../../arm-none-eabi/lib/thumb/v7-m/nofp\libc_nano.a
LOAD C:/ST/STM32CubeIDE_1.17.0/STM32CubeIDE/plugins/com.st.stm32cube.ide.mcu.externaltools.gnu-tools-for-stm32.12.3.rel1.win32_1.1.0.202410251130/tools/bin/../lib/gcc/arm-none-eabi/12.3.1/../../../../arm-none-eabi/lib/thumb/v7-m/nofp\libm.a
END GROUP
START GROUP
LOAD C:/ST/STM32CubeIDE_1.17.0/STM32CubeIDE/plugins/com.st.stm32cube.ide.mcu.externaltools.gnu-tools-for-stm32.12.3.rel1.win32_1.1.0.202410251130/tools/bin/../lib/gcc/arm-none-eabi/12.3.1/thumb/v7-m/nofp\libgcc.a
LOAD C:/ST/STM32CubeIDE_1.17.0/STM32CubeIDE/plugins/com.st.stm32cube.ide.mcu.externaltools.gnu-tools-for-stm32.12.3.rel1.win32_1.1.0.202410251130/tools/bin/../lib/gcc/arm-none-eabi/12.3.1/../../../../arm-none-eabi/lib/thumb/v7-m/nofp\libg_nano.a
LOAD C:/ST/STM32CubeIDE_1.17.0/STM32CubeIDE/plugins/com.st.stm32cube.ide.mcu.externaltools.gnu-tools-for-stm32.12.3.rel1.win32_1.1.0.202410251130/tools/bin/../lib/gcc/arm-none-eabi/12.3.1/../../../../arm-none-eabi/lib/thumb/v7-m/nofp\libc_nano.a
END GROUP
START GROUP
LOAD C:/ST/STM32CubeIDE_1.17.0/STM32CubeIDE/plugins/com.st.stm32cube.ide.mcu.externaltools.gnu-tools-for-stm32.12.3.rel1.win32_1.1.0.202410251130/tools/bin/../lib/gcc/arm-none-eabi/12.3.1/thumb/v7-m/nofp\libgcc.a
LOAD C:/ST/STM32CubeIDE_1.17.0/STM32CubeIDE/plugins/com.st.stm32cube.ide.mcu.externaltools.gnu-tools-for-stm32.12.3.rel1.win32_1.1.0.202410251130/tools/bin/../lib/gcc/arm-none-eabi/12.3.1/../../../../arm-none-eabi/lib/thumb/v7-m/nofp\libc_nano.a
LOAD C:/ST/STM32CubeIDE_1.17.0/STM32CubeIDE/plugins/com.st.stm32cube.ide.mcu.externaltools.gnu-tools-for-stm32.12.3.rel1.win32_1.1.0.202410251130/tools/bin/../lib/gcc/arm-none-eabi/12.3.1/../../../../arm-none-eabi/lib/thumb/v7-m/nofp\libnosys.a
END GROUP
START GROUP
LOAD C:/ST/STM32CubeIDE_1.17.0/STM32CubeIDE/plugins/com.st.stm32cube.ide.mcu.externaltools.gnu-tools-for-stm32.12.3.rel1.win32_1.1.0.202410251130/tools/bin/../lib/gcc/arm-none-eabi/12.3.1/thumb/v7-m/nofp\libgcc.a
LOAD C:/ST/STM32CubeIDE_1.17.0/STM32CubeIDE/plugins/com.st.stm32cube.ide.mcu.externaltools.gnu-tools-for-stm32.12.3.rel1.win32_1.1.0.202410251130/tools/bin/../lib/gcc/arm-none-eabi/12.3.1/../../../../arm-none-eabi/lib/thumb/v7-m/nofp\libc_nano.a
LOAD C:/ST/STM32CubeIDE_1.17.0/STM32CubeIDE/plugins/com.st.stm32cube.ide.mcu.externaltools.gnu-tools-for-stm32.12.3.rel1.win32_1.1.0.202410251130/tools/bin/../lib/gcc/arm-none-eabi/12.3.1/../../../../arm-none-eabi/lib/thumb/v7-m/nofp\libnosys.a
END GROUP
LOAD C:/ST/STM32CubeIDE_1.17.0/STM32CubeIDE/plugins/com.st.stm32cube.ide.mcu.externaltools.gnu-tools-for-stm32.12.3.rel1.win32_1.1.0.202410251130/tools/bin/../lib/gcc/arm-none-eabi/12.3.1/thumb/v7-m/nofp/crtend.o
LOAD C:/ST/STM32CubeIDE_1.17.0/STM32CubeIDE/plugins/com.st.stm32cube.ide.mcu.externaltools.gnu-tools-for-stm32.12.3.rel1.win32_1.1.0.202410251130/tools/bin/../lib/gcc/arm-none-eabi/12.3.1/thumb/v7-m/nofp/crtn.o
                0x20002800                        _estack = (ORIGIN (RAM) + LENGTH (RAM))
                0x00000200                        _Min_Heap_Size = 0x200
                0x00000400                        _Min_Stack_Size = 0x400

.isr_vector     0x08000000      0x130
                0x08000000                        . = ALIGN (0x4)
 *(.isr_vector)
 .isr_vector    0x08000000      0x130 ./Startup/startup_stm32f103c6tx.o
                0x08000000                g_pfnVectors
                0x08000130                        . = ALIGN (0x4)

.text           0x08000130      0xee8
                0x08000130                        . = ALIGN (0x4)
 *(.text)
 .text          0x08000130       0x40 C:/ST/STM32CubeIDE_1.17.0/STM32CubeIDE/plugins/com.st.stm32cube.ide.mcu.externaltools.gnu-tools-for-stm32.12.3.rel1.win32_1.1.0.202410251130/tools/bin/../lib/gcc/arm-none-eabi/12.3.1/thumb/v7-m/nofp/crtbegin.o
 *(.text*)
 .text.EXTI0_IRQHandler
                0x08000170       0x24 ./STM32F103C6_Drivers/MCAL/EXTI_DRIVER/exti_driver.o
                0x08000170                EXTI0_IRQHandler
 .text.EXTI1_IRQHandler
                0x08000194       0x24 ./STM32F103C6_Drivers/MCAL/EXTI_DRIVER/exti_driver.o
                0x08000194                EXTI1_IRQHandler
 .text.EXTI2_IRQHandler
                0x080001b8       0x24 ./STM32F103C6_Drivers/MCAL/EXTI_DRIVER/exti_driver.o
                0x080001b8                EXTI2_IRQHandler
 .text.EXTI3_IRQHandler
                0x080001dc       0x24 ./STM32F103C6_Drivers/MCAL/EXTI_DRIVER/exti_driver.o
                0x080001dc                EXTI3_IRQHandler
 .text.EXTI4_IRQHandler
                0x08000200       0x24 ./STM32F103C6_Drivers/MCAL/EXTI_DRIVER/exti_driver.o
                0x08000200                EXTI4_IRQHandler
 .text.EXTI9_5_IRQHandler
                0x08000224       0xa8 ./STM32F103C6_Drivers/MCAL/EXTI_DRIVER/exti_driver.o
                0x08000224                EXTI9_5_IRQHandler
 .text.EXTI15_10_IRQHandler
                0x080002cc       0xc4 ./STM32F103C6_Drivers/MCAL/EXTI_DRIVER/exti_driver.o
                0x080002cc                EXTI15_10_IRQHandler
 .text.Get_CRLH_Position
                0x08000390      0x170 ./STM32F103C6_Drivers/MCAL/GPIO_DRIVER/gpio_driver.o
                0x08000390                Get_CRLH_Position
 .text.MCAL_GPIO_Init
                0x08000500       0xf8 ./STM32F103C6_Drivers/MCAL/GPIO_DRIVER/gpio_driver.o
                0x08000500                MCAL_GPIO_Init
 .text.MCAL_GPIO_Write_PIN
                0x080005f8       0x2e ./STM32F103C6_Drivers/MCAL/GPIO_DRIVER/gpio_driver.o
                0x080005f8                MCAL_GPIO_Write_PIN
 *fill*         0x08000626        0x2 
 .text.MCAL_RCC_get_SYSCLK_FREQUENCY
                0x08000628       0x40 ./STM32F103C6_Drivers/MCAL/RCC_DRIVER/rcc_driver.o
                0x08000628                MCAL_RCC_get_SYSCLK_FREQUENCY
 .text.MCAL_RCC_get_HCLK_FREQUENCY
                0x08000668       0x28 ./STM32F103C6_Drivers/MCAL/RCC_DRIVER/rcc_driver.o
                0x08000668                MCAL_RCC_get_HCLK_FREQUENCY
 .text.MCAL_RCC_get_PCLK1_FREQUENCY
                0x08000690       0x28 ./STM32F103C6_Drivers/MCAL/RCC_DRIVER/rcc_driver.o
                0x08000690                MCAL_RCC_get_PCLK1_FREQUENCY
 .text.MCAL_RCC_get_PCLK2_FREQUENCY
                0x080006b8       0x28 ./STM32F103C6_Drivers/MCAL/RCC_DRIVER/rcc_driver.o
                0x080006b8                MCAL_RCC_get_PCLK2_FREQUENCY
 .text.MCAL_SPI_INIT
                0x080006e0      0x148 ./STM32F103C6_Drivers/MCAL/SPI_DRIVER/spi_driver.o
                0x080006e0                MCAL_SPI_INIT
 .text.MCAL_SPI_TX_RX
                0x08000828       0x54 ./STM32F103C6_Drivers/MCAL/SPI_DRIVER/spi_driver.o
                0x08000828                MCAL_SPI_TX_RX
 .text.MCAL_SPI_GPIO_SET_PINS
                0x0800087c      0x1ec ./STM32F103C6_Drivers/MCAL/SPI_DRIVER/spi_driver.o
                0x0800087c                MCAL_SPI_GPIO_SET_PINS
 .text.SPI1_IRQHandler
                0x08000a68       0x5c ./STM32F103C6_Drivers/MCAL/SPI_DRIVER/spi_driver.o
                0x08000a68                SPI1_IRQHandler
 .text.SPI2_IRQHandler
                0x08000ac4       0x5c ./STM32F103C6_Drivers/MCAL/SPI_DRIVER/spi_driver.o
                0x08000ac4                SPI2_IRQHandler
 .text.MCAL_UART_INIT
                0x08000b20      0x184 ./STM32F103C6_Drivers/MCAL/UASRT_DRIVER/usart_driver.o
                0x08000b20                MCAL_UART_INIT
 .text.MCAL_UART_SEND_DATA
                0x08000ca4       0x36 ./STM32F103C6_Drivers/MCAL/UASRT_DRIVER/usart_driver.o
                0x08000ca4                MCAL_UART_SEND_DATA
 *fill*         0x08000cda        0x2 
 .text.MCAL_UART_RECIEVE_DATA
                0x08000cdc       0x5c ./STM32F103C6_Drivers/MCAL/UASRT_DRIVER/usart_driver.o
                0x08000cdc                MCAL_UART_RECIEVE_DATA
 .text.MCAL_UART_GPIO_SET_PINS
                0x08000d38       0xc8 ./STM32F103C6_Drivers/MCAL/UASRT_DRIVER/usart_driver.o
                0x08000d38                MCAL_UART_GPIO_SET_PINS
 .text.USART1_IRQHandler
                0x08000e00       0x14 ./STM32F103C6_Drivers/MCAL/UASRT_DRIVER/usart_driver.o
                0x08000e00                USART1_IRQHandler
 .text.USART2_IRQHandler
                0x08000e14       0x14 ./STM32F103C6_Drivers/MCAL/UASRT_DRIVER/usart_driver.o
                0x08000e14                USART2_IRQHandler
 .text.USART3_IRQHandler
                0x08000e28       0x14 ./STM32F103C6_Drivers/MCAL/UASRT_DRIVER/usart_driver.o
                0x08000e28                USART3_IRQHandler
 .text.OUSS_UART_IRQ_CALLBACK
                0x08000e3c       0x4c ./Src/main.o
                0x08000e3c                OUSS_UART_IRQ_CALLBACK
 .text.main     0x08000e88       0xdc ./Src/main.o
                0x08000e88                main
 .text.Reset_Handler
                0x08000f64       0x50 ./Startup/startup_stm32f103c6tx.o
                0x08000f64                Reset_Handler
 .text.Default_Handler
                0x08000fb4        0x2 ./Startup/startup_stm32f103c6tx.o
                0x08000fb4                TIM8_TRG_COM_IRQHandler
                0x08000fb4                TIM8_CC_IRQHandler
                0x08000fb4                DebugMon_Handler
                0x08000fb4                TIM1_CC_IRQHandler
                0x08000fb4                HardFault_Handler
                0x08000fb4                TIM6_IRQHandler
                0x08000fb4                SysTick_Handler
                0x08000fb4                PVD_IRQHandler
                0x08000fb4                SDIO_IRQHandler
                0x08000fb4                PendSV_Handler
                0x08000fb4                NMI_Handler
                0x08000fb4                USB_HP_CAN_TX_IRQHandler
                0x08000fb4                I2C2_EV_IRQHandler
                0x08000fb4                UsageFault_Handler
                0x08000fb4                ADC1_2_IRQHandler
                0x08000fb4                CAN_SCE_IRQHandler
                0x08000fb4                TAMPER_IRQHandler
                0x08000fb4                TIM8_UP_IRQHandler
                0x08000fb4                DMA2_Channel2_IRQHandler
                0x08000fb4                DMA1_Channel4_IRQHandler
                0x08000fb4                RTC_IRQHandler
                0x08000fb4                DMA1_Channel7_IRQHandler
                0x08000fb4                UART5_IRQHandler
                0x08000fb4                ADC3_IRQHandler
                0x08000fb4                TIM4_IRQHandler
                0x08000fb4                CAN_RX1_IRQHandler
                0x08000fb4                DMA2_Channel1_IRQHandler
                0x08000fb4                I2C1_EV_IRQHandler
                0x08000fb4                DMA1_Channel6_IRQHandler
                0x08000fb4                UART4_IRQHandler
                0x08000fb4                TIM3_IRQHandler
                0x08000fb4                RCC_IRQHandler
                0x08000fb4                TIM1_TRG_COM_IRQHandler
                0x08000fb4                DMA1_Channel1_IRQHandler
                0x08000fb4                Default_Handler
                0x08000fb4                TIM7_IRQHandler
                0x08000fb4                TIM5_IRQHandler
                0x08000fb4                USB_LP_CAN_RX0_IRQHandler
                0x08000fb4                MemManage_Handler
                0x08000fb4                SVC_Handler
                0x08000fb4                DMA1_Channel5_IRQHandler
                0x08000fb4                DMA1_Channel3_IRQHandler
                0x08000fb4                FSMC_IRQHandler
                0x08000fb4                TIM1_UP_IRQHandler
                0x08000fb4                WWDG_IRQHandler
                0x08000fb4                TIM2_IRQHandler
                0x08000fb4                TIM1_BRK_IRQHandler
                0x08000fb4                RTCAlarm_IRQHandler
                0x08000fb4                DMA2_Channel4_5_IRQHandler
                0x08000fb4                I2C2_ER_IRQHandler
                0x08000fb4                DMA1_Channel2_IRQHandler
                0x08000fb4                TIM8_BRK_IRQHandler
                0x08000fb4                FLASH_IRQHandler
                0x08000fb4                BusFault_Handler
                0x08000fb4                SPI3_IRQHandler
                0x08000fb4                I2C1_ER_IRQHandler
                0x08000fb4                DMA2_Channel3_IRQHandler
 *fill*         0x08000fb6        0x2 
 .text.__libc_init_array
                0x08000fb8       0x48 C:/ST/STM32CubeIDE_1.17.0/STM32CubeIDE/plugins/com.st.stm32cube.ide.mcu.externaltools.gnu-tools-for-stm32.12.3.rel1.win32_1.1.0.202410251130/tools/bin/../lib/gcc/arm-none-eabi/12.3.1/../../../../arm-none-eabi/lib/thumb/v7-m/nofp\libc_nano.a(libc_a-init.o)
                0x08000fb8                __libc_init_array
 *(.glue_7)
 .glue_7        0x08001000        0x0 linker stubs
 *(.glue_7t)
 .glue_7t       0x08001000        0x0 linker stubs
 *(.eh_frame)
 .eh_frame      0x08001000        0x0 C:/ST/STM32CubeIDE_1.17.0/STM32CubeIDE/plugins/com.st.stm32cube.ide.mcu.externaltools.gnu-tools-for-stm32.12.3.rel1.win32_1.1.0.202410251130/tools/bin/../lib/gcc/arm-none-eabi/12.3.1/thumb/v7-m/nofp/crtbegin.o
 *(.init)
 .init          0x08001000        0x4 C:/ST/STM32CubeIDE_1.17.0/STM32CubeIDE/plugins/com.st.stm32cube.ide.mcu.externaltools.gnu-tools-for-stm32.12.3.rel1.win32_1.1.0.202410251130/tools/bin/../lib/gcc/arm-none-eabi/12.3.1/thumb/v7-m/nofp/crti.o
                0x08001000                _init
 .init          0x08001004        0x8 C:/ST/STM32CubeIDE_1.17.0/STM32CubeIDE/plugins/com.st.stm32cube.ide.mcu.externaltools.gnu-tools-for-stm32.12.3.rel1.win32_1.1.0.202410251130/tools/bin/../lib/gcc/arm-none-eabi/12.3.1/thumb/v7-m/nofp/crtn.o
 *(.fini)
 .fini          0x0800100c        0x4 C:/ST/STM32CubeIDE_1.17.0/STM32CubeIDE/plugins/com.st.stm32cube.ide.mcu.externaltools.gnu-tools-for-stm32.12.3.rel1.win32_1.1.0.202410251130/tools/bin/../lib/gcc/arm-none-eabi/12.3.1/thumb/v7-m/nofp/crti.o
                0x0800100c                _fini
 .fini          0x08001010        0x8 C:/ST/STM32CubeIDE_1.17.0/STM32CubeIDE/plugins/com.st.stm32cube.ide.mcu.externaltools.gnu-tools-for-stm32.12.3.rel1.win32_1.1.0.202410251130/tools/bin/../lib/gcc/arm-none-eabi/12.3.1/thumb/v7-m/nofp/crtn.o
                0x08001018                        . = ALIGN (0x4)
                0x08001018                        _etext = .

.vfp11_veneer   0x08001018        0x0
 .vfp11_veneer  0x08001018        0x0 linker stubs

.v4_bx          0x08001018        0x0
 .v4_bx         0x08001018        0x0 linker stubs

.iplt           0x08001018        0x0
 .iplt          0x08001018        0x0 C:/ST/STM32CubeIDE_1.17.0/STM32CubeIDE/plugins/com.st.stm32cube.ide.mcu.externaltools.gnu-tools-for-stm32.12.3.rel1.win32_1.1.0.202410251130/tools/bin/../lib/gcc/arm-none-eabi/12.3.1/thumb/v7-m/nofp/crtbegin.o

.rodata         0x08001018       0x18
                0x08001018                        . = ALIGN (0x4)
 *(.rodata)
 *(.rodata*)
 .rodata.APBPrescalerTable
                0x08001018        0x8 ./STM32F103C6_Drivers/MCAL/RCC_DRIVER/rcc_driver.o
                0x08001018                APBPrescalerTable
 .rodata.AHBPrescalerTable
                0x08001020       0x10 ./STM32F103C6_Drivers/MCAL/RCC_DRIVER/rcc_driver.o
                0x08001020                AHBPrescalerTable
                0x08001030                        . = ALIGN (0x4)

.ARM.extab      0x08001030        0x0
                0x08001030                        . = ALIGN (0x4)
 *(.ARM.extab* .gnu.linkonce.armextab.*)
                0x08001030                        . = ALIGN (0x4)

.ARM            0x08001030        0x0
                0x08001030                        . = ALIGN (0x4)
                0x08001030                        __exidx_start = .
 *(.ARM.exidx*)
                0x08001030                        __exidx_end = .
                0x08001030                        . = ALIGN (0x4)

.preinit_array  0x08001030        0x0
                0x08001030                        . = ALIGN (0x4)
                0x08001030                        PROVIDE (__preinit_array_start = .)
 *(.preinit_array*)
                0x08001030                        PROVIDE (__preinit_array_end = .)
                0x08001030                        . = ALIGN (0x4)

.init_array     0x08001030        0x4
                0x08001030                        . = ALIGN (0x4)
                0x08001030                        PROVIDE (__init_array_start = .)
 *(SORT_BY_NAME(.init_array.*))
 *(.init_array*)
 .init_array    0x08001030        0x4 C:/ST/STM32CubeIDE_1.17.0/STM32CubeIDE/plugins/com.st.stm32cube.ide.mcu.externaltools.gnu-tools-for-stm32.12.3.rel1.win32_1.1.0.202410251130/tools/bin/../lib/gcc/arm-none-eabi/12.3.1/thumb/v7-m/nofp/crtbegin.o
                0x08001034                        PROVIDE (__init_array_end = .)
                0x08001034                        . = ALIGN (0x4)

.fini_array     0x08001034        0x4
                0x08001034                        . = ALIGN (0x4)
                [!provide]                        PROVIDE (__fini_array_start = .)
 *(SORT_BY_NAME(.fini_array.*))
 *(.fini_array*)
 .fini_array    0x08001034        0x4 C:/ST/STM32CubeIDE_1.17.0/STM32CubeIDE/plugins/com.st.stm32cube.ide.mcu.externaltools.gnu-tools-for-stm32.12.3.rel1.win32_1.1.0.202410251130/tools/bin/../lib/gcc/arm-none-eabi/12.3.1/thumb/v7-m/nofp/crtbegin.o
                [!provide]                        PROVIDE (__fini_array_end = .)
                0x08001038                        . = ALIGN (0x4)
                0x08001038                        _sidata = LOADADDR (.data)

.rel.dyn        0x08001038        0x0
 .rel.iplt      0x08001038        0x0 C:/ST/STM32CubeIDE_1.17.0/STM32CubeIDE/plugins/com.st.stm32cube.ide.mcu.externaltools.gnu-tools-for-stm32.12.3.rel1.win32_1.1.0.202410251130/tools/bin/../lib/gcc/arm-none-eabi/12.3.1/thumb/v7-m/nofp/crtbegin.o

.data           0x20000000        0x0 load address 0x08001038
                0x20000000                        . = ALIGN (0x4)
                0x20000000                        _sdata = .
 *(.data)
 *(.data*)
 *(.RamFunc)
 *(.RamFunc*)
                0x20000000                        . = ALIGN (0x4)
                0x20000000                        _edata = .

.igot.plt       0x20000000        0x0 load address 0x08001038
 .igot.plt      0x20000000        0x0 C:/ST/STM32CubeIDE_1.17.0/STM32CubeIDE/plugins/com.st.stm32cube.ide.mcu.externaltools.gnu-tools-for-stm32.12.3.rel1.win32_1.1.0.202410251130/tools/bin/../lib/gcc/arm-none-eabi/12.3.1/thumb/v7-m/nofp/crtbegin.o
                0x20000000                        . = ALIGN (0x4)

.bss            0x20000000       0x98 load address 0x08001038
                0x20000000                        _sbss = .
                0x20000000                        __bss_start__ = _sbss
 *(.bss)
 .bss           0x20000000       0x1c C:/ST/STM32CubeIDE_1.17.0/STM32CubeIDE/plugins/com.st.stm32cube.ide.mcu.externaltools.gnu-tools-for-stm32.12.3.rel1.win32_1.1.0.202410251130/tools/bin/../lib/gcc/arm-none-eabi/12.3.1/thumb/v7-m/nofp/crtbegin.o
 *(.bss*)
 .bss.GPtr_IRQ_CALLBACK
                0x2000001c       0x3c ./STM32F103C6_Drivers/MCAL/EXTI_DRIVER/exti_driver.o
                0x2000001c                GPtr_IRQ_CALLBACK
 .bss.GLOBAL_SPI_config
                0x20000058        0x8 ./STM32F103C6_Drivers/MCAL/SPI_DRIVER/spi_driver.o
                0x20000058                GLOBAL_SPI_config
 .bss.GLOBAL_SPI_config1
                0x20000060       0x18 ./STM32F103C6_Drivers/MCAL/SPI_DRIVER/spi_driver.o
                0x20000060                GLOBAL_SPI_config1
 .bss.GLOBAL_SPI_config2
                0x20000078       0x18 ./STM32F103C6_Drivers/MCAL/SPI_DRIVER/spi_driver.o
                0x20000078                GLOBAL_SPI_config2
 .bss.Global_UART_Config
                0x20000090        0x4 ./STM32F103C6_Drivers/MCAL/UASRT_DRIVER/usart_driver.o
                0x20000090                Global_UART_Config
 .bss.unko      0x20000094        0x2 ./Src/main.o
                0x20000094                unko
 *(COMMON)
                0x20000098                        . = ALIGN (0x4)
 *fill*         0x20000096        0x2 
                0x20000098                        _ebss = .
                0x20000098                        __bss_end__ = _ebss

._user_heap_stack
                0x20000098      0x600 load address 0x08001038
                0x20000098                        . = ALIGN (0x8)
                [!provide]                        PROVIDE (end = .)
                0x20000098                        PROVIDE (_end = .)
                0x20000298                        . = (. + _Min_Heap_Size)
 *fill*         0x20000098      0x200 
                0x20000698                        . = (. + _Min_Stack_Size)
 *fill*         0x20000298      0x400 
                0x20000698                        . = ALIGN (0x8)

/DISCARD/
 libc.a(*)
 libm.a(*)
 libgcc.a(*)

.ARM.attributes
                0x00000000       0x29
 *(.ARM.attributes)
 .ARM.attributes
                0x00000000       0x1d C:/ST/STM32CubeIDE_1.17.0/STM32CubeIDE/plugins/com.st.stm32cube.ide.mcu.externaltools.gnu-tools-for-stm32.12.3.rel1.win32_1.1.0.202410251130/tools/bin/../lib/gcc/arm-none-eabi/12.3.1/thumb/v7-m/nofp/crti.o
 .ARM.attributes
                0x0000001d       0x2d C:/ST/STM32CubeIDE_1.17.0/STM32CubeIDE/plugins/com.st.stm32cube.ide.mcu.externaltools.gnu-tools-for-stm32.12.3.rel1.win32_1.1.0.202410251130/tools/bin/../lib/gcc/arm-none-eabi/12.3.1/thumb/v7-m/nofp/crtbegin.o
 .ARM.attributes
                0x0000004a       0x2d ./STM32F103C6_Drivers/MCAL/EXTI_DRIVER/exti_driver.o
 .ARM.attributes
                0x00000077       0x2d ./STM32F103C6_Drivers/MCAL/GPIO_DRIVER/gpio_driver.o
 .ARM.attributes
                0x000000a4       0x2d ./STM32F103C6_Drivers/MCAL/RCC_DRIVER/rcc_driver.o
 .ARM.attributes
                0x000000d1       0x2d ./STM32F103C6_Drivers/MCAL/SPI_DRIVER/spi_driver.o
 .ARM.attributes
                0x000000fe       0x2d ./STM32F103C6_Drivers/MCAL/UASRT_DRIVER/usart_driver.o
 .ARM.attributes
                0x0000012b       0x2d ./Src/main.o
 .ARM.attributes
                0x00000158       0x21 ./Startup/startup_stm32f103c6tx.o
 .ARM.attributes
                0x00000179       0x2d C:/ST/STM32CubeIDE_1.17.0/STM32CubeIDE/plugins/com.st.stm32cube.ide.mcu.externaltools.gnu-tools-for-stm32.12.3.rel1.win32_1.1.0.202410251130/tools/bin/../lib/gcc/arm-none-eabi/12.3.1/../../../../arm-none-eabi/lib/thumb/v7-m/nofp\libc_nano.a(libc_a-init.o)
 .ARM.attributes
                0x000001a6       0x1d C:/ST/STM32CubeIDE_1.17.0/STM32CubeIDE/plugins/com.st.stm32cube.ide.mcu.externaltools.gnu-tools-for-stm32.12.3.rel1.win32_1.1.0.202410251130/tools/bin/../lib/gcc/arm-none-eabi/12.3.1/thumb/v7-m/nofp/crtn.o
OUTPUT(Drivers.elf elf32-littlearm)
LOAD linker stubs
LOAD C:/ST/STM32CubeIDE_1.17.0/STM32CubeIDE/plugins/com.st.stm32cube.ide.mcu.externaltools.gnu-tools-for-stm32.12.3.rel1.win32_1.1.0.202410251130/tools/bin/../lib/gcc/arm-none-eabi/12.3.1/../../../../arm-none-eabi/lib/thumb/v7-m/nofp\libc.a
LOAD C:/ST/STM32CubeIDE_1.17.0/STM32CubeIDE/plugins/com.st.stm32cube.ide.mcu.externaltools.gnu-tools-for-stm32.12.3.rel1.win32_1.1.0.202410251130/tools/bin/../lib/gcc/arm-none-eabi/12.3.1/../../../../arm-none-eabi/lib/thumb/v7-m/nofp\libm.a
LOAD C:/ST/STM32CubeIDE_1.17.0/STM32CubeIDE/plugins/com.st.stm32cube.ide.mcu.externaltools.gnu-tools-for-stm32.12.3.rel1.win32_1.1.0.202410251130/tools/bin/../lib/gcc/arm-none-eabi/12.3.1/thumb/v7-m/nofp\libgcc.a

.debug_info     0x00000000     0x1f39
 .debug_info    0x00000000      0x52e ./STM32F103C6_Drivers/MCAL/EXTI_DRIVER/exti_driver.o
 .debug_info    0x0000052e      0x4aa ./STM32F103C6_Drivers/MCAL/GPIO_DRIVER/gpio_driver.o
 .debug_info    0x000009d8      0x223 ./STM32F103C6_Drivers/MCAL/RCC_DRIVER/rcc_driver.o
 .debug_info    0x00000bfb      0x67b ./STM32F103C6_Drivers/MCAL/SPI_DRIVER/spi_driver.o
 .debug_info    0x00001276      0x597 ./STM32F103C6_Drivers/MCAL/UASRT_DRIVER/usart_driver.o
 .debug_info    0x0000180d      0x6fc ./Src/main.o
 .debug_info    0x00001f09       0x30 ./Startup/startup_stm32f103c6tx.o

.debug_abbrev   0x00000000      0x8dd
 .debug_abbrev  0x00000000      0x19a ./STM32F103C6_Drivers/MCAL/EXTI_DRIVER/exti_driver.o
 .debug_abbrev  0x0000019a      0x16f ./STM32F103C6_Drivers/MCAL/GPIO_DRIVER/gpio_driver.o
 .debug_abbrev  0x00000309       0xda ./STM32F103C6_Drivers/MCAL/RCC_DRIVER/rcc_driver.o
 .debug_abbrev  0x000003e3      0x1c7 ./STM32F103C6_Drivers/MCAL/SPI_DRIVER/spi_driver.o
 .debug_abbrev  0x000005aa      0x187 ./STM32F103C6_Drivers/MCAL/UASRT_DRIVER/usart_driver.o
 .debug_abbrev  0x00000731      0x18f ./Src/main.o
 .debug_abbrev  0x000008c0       0x1d ./Startup/startup_stm32f103c6tx.o

.debug_loc      0x00000000      0xd28
 .debug_loc     0x00000000      0x320 ./STM32F103C6_Drivers/MCAL/EXTI_DRIVER/exti_driver.o
 .debug_loc     0x00000320      0x330 ./STM32F103C6_Drivers/MCAL/GPIO_DRIVER/gpio_driver.o
 .debug_loc     0x00000650       0xc8 ./STM32F103C6_Drivers/MCAL/RCC_DRIVER/rcc_driver.o
 .debug_loc     0x00000718      0x2bc ./STM32F103C6_Drivers/MCAL/SPI_DRIVER/spi_driver.o
 .debug_loc     0x000009d4      0x294 ./STM32F103C6_Drivers/MCAL/UASRT_DRIVER/usart_driver.o
 .debug_loc     0x00000c68       0xc0 ./Src/main.o

.debug_aranges  0x00000000      0x228
 .debug_aranges
                0x00000000       0x80 ./STM32F103C6_Drivers/MCAL/EXTI_DRIVER/exti_driver.o
 .debug_aranges
                0x00000080       0x60 ./STM32F103C6_Drivers/MCAL/GPIO_DRIVER/gpio_driver.o
 .debug_aranges
                0x000000e0       0x38 ./STM32F103C6_Drivers/MCAL/RCC_DRIVER/rcc_driver.o
 .debug_aranges
                0x00000118       0x58 ./STM32F103C6_Drivers/MCAL/SPI_DRIVER/spi_driver.o
 .debug_aranges
                0x00000170       0x60 ./STM32F103C6_Drivers/MCAL/UASRT_DRIVER/usart_driver.o
 .debug_aranges
                0x000001d0       0x30 ./Src/main.o
 .debug_aranges
                0x00000200       0x28 ./Startup/startup_stm32f103c6tx.o

.debug_ranges   0x00000000      0x1c0
 .debug_ranges  0x00000000       0x70 ./STM32F103C6_Drivers/MCAL/EXTI_DRIVER/exti_driver.o
 .debug_ranges  0x00000070       0x50 ./STM32F103C6_Drivers/MCAL/GPIO_DRIVER/gpio_driver.o
 .debug_ranges  0x000000c0       0x28 ./STM32F103C6_Drivers/MCAL/RCC_DRIVER/rcc_driver.o
 .debug_ranges  0x000000e8       0x48 ./STM32F103C6_Drivers/MCAL/SPI_DRIVER/spi_driver.o
 .debug_ranges  0x00000130       0x50 ./STM32F103C6_Drivers/MCAL/UASRT_DRIVER/usart_driver.o
 .debug_ranges  0x00000180       0x20 ./Src/main.o
 .debug_ranges  0x000001a0       0x20 ./Startup/startup_stm32f103c6tx.o

.debug_macro    0x00000000     0x1041
 .debug_macro   0x00000000      0x163 ./STM32F103C6_Drivers/MCAL/EXTI_DRIVER/exti_driver.o
 .debug_macro   0x00000163       0xdc ./STM32F103C6_Drivers/MCAL/EXTI_DRIVER/exti_driver.o
 .debug_macro   0x0000023f      0x21f ./STM32F103C6_Drivers/MCAL/EXTI_DRIVER/exti_driver.o
 .debug_macro   0x0000045e      0x150 ./STM32F103C6_Drivers/MCAL/GPIO_DRIVER/gpio_driver.o
 .debug_macro   0x000005ae      0x155 ./STM32F103C6_Drivers/MCAL/RCC_DRIVER/rcc_driver.o
 .debug_macro   0x00000703       0x10 ./STM32F103C6_Drivers/MCAL/RCC_DRIVER/rcc_driver.o
 .debug_macro   0x00000713      0x188 ./STM32F103C6_Drivers/MCAL/SPI_DRIVER/spi_driver.o
 .debug_macro   0x0000089b       0xbe ./STM32F103C6_Drivers/MCAL/SPI_DRIVER/spi_driver.o
 .debug_macro   0x00000959      0x164 ./STM32F103C6_Drivers/MCAL/UASRT_DRIVER/usart_driver.o
 .debug_macro   0x00000abd       0xe2 ./STM32F103C6_Drivers/MCAL/UASRT_DRIVER/usart_driver.o
 .debug_macro   0x00000b9f      0x1a2 ./Src/main.o
 .debug_macro   0x00000d41       0x8e ./Src/main.o
 .debug_macro   0x00000dcf       0x51 ./Src/main.o
 .debug_macro   0x00000e20       0x61 ./Src/main.o
 .debug_macro   0x00000e81       0xa0 ./Src/main.o
 .debug_macro   0x00000f21       0x46 ./Src/main.o
 .debug_macro   0x00000f67       0x16 ./Src/main.o
 .debug_macro   0x00000f7d       0xc4 ./Src/main.o

.debug_line     0x00000000     0x3250
 .debug_line    0x00000000      0xaba ./STM32F103C6_Drivers/MCAL/EXTI_DRIVER/exti_driver.o
 .debug_line    0x00000aba      0x82e ./STM32F103C6_Drivers/MCAL/GPIO_DRIVER/gpio_driver.o
 .debug_line    0x000012e8      0x693 ./STM32F103C6_Drivers/MCAL/RCC_DRIVER/rcc_driver.o
 .debug_line    0x0000197b      0x905 ./STM32F103C6_Drivers/MCAL/SPI_DRIVER/spi_driver.o
 .debug_line    0x00002280      0x842 ./STM32F103C6_Drivers/MCAL/UASRT_DRIVER/usart_driver.o
 .debug_line    0x00002ac2      0x70a ./Src/main.o
 .debug_line    0x000031cc       0x84 ./Startup/startup_stm32f103c6tx.o

.debug_str      0x00000000     0xc216
 .debug_str     0x00000000     0xac3e ./STM32F103C6_Drivers/MCAL/EXTI_DRIVER/exti_driver.o
                               0xae56 (size before relaxing)
 .debug_str     0x0000ac3e      0x15a ./STM32F103C6_Drivers/MCAL/GPIO_DRIVER/gpio_driver.o
                               0x9a51 (size before relaxing)
 .debug_str     0x0000ad98      0x120 ./STM32F103C6_Drivers/MCAL/RCC_DRIVER/rcc_driver.o
                               0x99d1 (size before relaxing)
 .debug_str     0x0000aeb8      0x7c3 ./STM32F103C6_Drivers/MCAL/SPI_DRIVER/spi_driver.o
                               0xa145 (size before relaxing)
 .debug_str     0x0000b67b      0x7f6 ./STM32F103C6_Drivers/MCAL/UASRT_DRIVER/usart_driver.o
                               0xa1d2 (size before relaxing)
 .debug_str     0x0000be71      0x366 ./Src/main.o
                               0xbd88 (size before relaxing)
 .debug_str     0x0000c1d7       0x3f ./Startup/startup_stm32f103c6tx.o
                                 0x7a (size before relaxing)

.comment        0x00000000       0x43
 .comment       0x00000000       0x43 ./STM32F103C6_Drivers/MCAL/EXTI_DRIVER/exti_driver.o
                                 0x44 (size before relaxing)
 .comment       0x00000043       0x44 ./STM32F103C6_Drivers/MCAL/GPIO_DRIVER/gpio_driver.o
 .comment       0x00000043       0x44 ./STM32F103C6_Drivers/MCAL/RCC_DRIVER/rcc_driver.o
 .comment       0x00000043       0x44 ./STM32F103C6_Drivers/MCAL/SPI_DRIVER/spi_driver.o
 .comment       0x00000043       0x44 ./STM32F103C6_Drivers/MCAL/UASRT_DRIVER/usart_driver.o
 .comment       0x00000043       0x44 ./Src/main.o

.debug_frame    0x00000000      0x6dc
 .debug_frame   0x00000000      0x1b0 ./STM32F103C6_Drivers/MCAL/EXTI_DRIVER/exti_driver.o
 .debug_frame   0x000001b0      0x174 ./STM32F103C6_Drivers/MCAL/GPIO_DRIVER/gpio_driver.o
 .debug_frame   0x00000324       0x84 ./STM32F103C6_Drivers/MCAL/RCC_DRIVER/rcc_driver.o
 .debug_frame   0x000003a8      0x148 ./STM32F103C6_Drivers/MCAL/SPI_DRIVER/spi_driver.o
 .debug_frame   0x000004f0      0x14c ./STM32F103C6_Drivers/MCAL/UASRT_DRIVER/usart_driver.o
 .debug_frame   0x0000063c       0x74 ./Src/main.o
 .debug_frame   0x000006b0       0x2c C:/ST/STM32CubeIDE_1.17.0/STM32CubeIDE/plugins/com.st.stm32cube.ide.mcu.externaltools.gnu-tools-for-stm32.12.3.rel1.win32_1.1.0.202410251130/tools/bin/../lib/gcc/arm-none-eabi/12.3.1/../../../../arm-none-eabi/lib/thumb/v7-m/nofp\libc_nano.a(libc_a-init.o)
