Archive member included to satisfy reference by file (symbol)

C:/ST/STM32CubeIDE_1.17.0/STM32CubeIDE/plugins/com.st.stm32cube.ide.mcu.externaltools.gnu-tools-for-stm32.12.3.rel1.win32_1.1.0.202410251130/tools/bin/../lib/gcc/arm-none-eabi/12.3.1/../../../../arm-none-eabi/lib/thumb/v7-m/nofp\libc_nano.a(libc_a-exit.o)
                              C:/ST/STM32CubeIDE_1.17.0/STM32CubeIDE/plugins/com.st.stm32cube.ide.mcu.externaltools.gnu-tools-for-stm32.12.3.rel1.win32_1.1.0.202410251130/tools/bin/../lib/gcc/arm-none-eabi/12.3.1/../../../../arm-none-eabi/lib/thumb/v7-m/nofp/crt0.o (exit)
C:/ST/STM32CubeIDE_1.17.0/STM32CubeIDE/plugins/com.st.stm32cube.ide.mcu.externaltools.gnu-tools-for-stm32.12.3.rel1.win32_1.1.0.202410251130/tools/bin/../lib/gcc/arm-none-eabi/12.3.1/../../../../arm-none-eabi/lib/thumb/v7-m/nofp\libc_nano.a(libc_a-findfp.o)
                              C:/ST/STM32CubeIDE_1.17.0/STM32CubeIDE/plugins/com.st.stm32cube.ide.mcu.externaltools.gnu-tools-for-stm32.12.3.rel1.win32_1.1.0.202410251130/tools/bin/../lib/gcc/arm-none-eabi/12.3.1/../../../../arm-none-eabi/lib/thumb/v7-m/nofp\libc_nano.a(libc_a-exit.o) (__stdio_exit_handler)
C:/ST/STM32CubeIDE_1.17.0/STM32CubeIDE/plugins/com.st.stm32cube.ide.mcu.externaltools.gnu-tools-for-stm32.12.3.rel1.win32_1.1.0.202410251130/tools/bin/../lib/gcc/arm-none-eabi/12.3.1/../../../../arm-none-eabi/lib/thumb/v7-m/nofp\libc_nano.a(libc_a-fwalk.o)
                              C:/ST/STM32CubeIDE_1.17.0/STM32CubeIDE/plugins/com.st.stm32cube.ide.mcu.externaltools.gnu-tools-for-stm32.12.3.rel1.win32_1.1.0.202410251130/tools/bin/../lib/gcc/arm-none-eabi/12.3.1/../../../../arm-none-eabi/lib/thumb/v7-m/nofp\libc_nano.a(libc_a-findfp.o) (_fwalk_sglue)
C:/ST/STM32CubeIDE_1.17.0/STM32CubeIDE/plugins/com.st.stm32cube.ide.mcu.externaltools.gnu-tools-for-stm32.12.3.rel1.win32_1.1.0.202410251130/tools/bin/../lib/gcc/arm-none-eabi/12.3.1/../../../../arm-none-eabi/lib/thumb/v7-m/nofp\libc_nano.a(libc_a-stdio.o)
                              C:/ST/STM32CubeIDE_1.17.0/STM32CubeIDE/plugins/com.st.stm32cube.ide.mcu.externaltools.gnu-tools-for-stm32.12.3.rel1.win32_1.1.0.202410251130/tools/bin/../lib/gcc/arm-none-eabi/12.3.1/../../../../arm-none-eabi/lib/thumb/v7-m/nofp\libc_nano.a(libc_a-findfp.o) (__sread)
C:/ST/STM32CubeIDE_1.17.0/STM32CubeIDE/plugins/com.st.stm32cube.ide.mcu.externaltools.gnu-tools-for-stm32.12.3.rel1.win32_1.1.0.202410251130/tools/bin/../lib/gcc/arm-none-eabi/12.3.1/../../../../arm-none-eabi/lib/thumb/v7-m/nofp\libc_nano.a(libc_a-memset.o)
                              C:/ST/STM32CubeIDE_1.17.0/STM32CubeIDE/plugins/com.st.stm32cube.ide.mcu.externaltools.gnu-tools-for-stm32.12.3.rel1.win32_1.1.0.202410251130/tools/bin/../lib/gcc/arm-none-eabi/12.3.1/../../../../arm-none-eabi/lib/thumb/v7-m/nofp/crt0.o (memset)
C:/ST/STM32CubeIDE_1.17.0/STM32CubeIDE/plugins/com.st.stm32cube.ide.mcu.externaltools.gnu-tools-for-stm32.12.3.rel1.win32_1.1.0.202410251130/tools/bin/../lib/gcc/arm-none-eabi/12.3.1/../../../../arm-none-eabi/lib/thumb/v7-m/nofp\libc_nano.a(libc_a-closer.o)
                              C:/ST/STM32CubeIDE_1.17.0/STM32CubeIDE/plugins/com.st.stm32cube.ide.mcu.externaltools.gnu-tools-for-stm32.12.3.rel1.win32_1.1.0.202410251130/tools/bin/../lib/gcc/arm-none-eabi/12.3.1/../../../../arm-none-eabi/lib/thumb/v7-m/nofp\libc_nano.a(libc_a-stdio.o) (_close_r)
C:/ST/STM32CubeIDE_1.17.0/STM32CubeIDE/plugins/com.st.stm32cube.ide.mcu.externaltools.gnu-tools-for-stm32.12.3.rel1.win32_1.1.0.202410251130/tools/bin/../lib/gcc/arm-none-eabi/12.3.1/../../../../arm-none-eabi/lib/thumb/v7-m/nofp\libc_nano.a(libc_a-reent.o)
                              C:/ST/STM32CubeIDE_1.17.0/STM32CubeIDE/plugins/com.st.stm32cube.ide.mcu.externaltools.gnu-tools-for-stm32.12.3.rel1.win32_1.1.0.202410251130/tools/bin/../lib/gcc/arm-none-eabi/12.3.1/../../../../arm-none-eabi/lib/thumb/v7-m/nofp\libc_nano.a(libc_a-closer.o) (errno)
C:/ST/STM32CubeIDE_1.17.0/STM32CubeIDE/plugins/com.st.stm32cube.ide.mcu.externaltools.gnu-tools-for-stm32.12.3.rel1.win32_1.1.0.202410251130/tools/bin/../lib/gcc/arm-none-eabi/12.3.1/../../../../arm-none-eabi/lib/thumb/v7-m/nofp\libc_nano.a(libc_a-impure.o)
                              C:/ST/STM32CubeIDE_1.17.0/STM32CubeIDE/plugins/com.st.stm32cube.ide.mcu.externaltools.gnu-tools-for-stm32.12.3.rel1.win32_1.1.0.202410251130/tools/bin/../lib/gcc/arm-none-eabi/12.3.1/../../../../arm-none-eabi/lib/thumb/v7-m/nofp\libc_nano.a(libc_a-reent.o) (_impure_ptr)
C:/ST/STM32CubeIDE_1.17.0/STM32CubeIDE/plugins/com.st.stm32cube.ide.mcu.externaltools.gnu-tools-for-stm32.12.3.rel1.win32_1.1.0.202410251130/tools/bin/../lib/gcc/arm-none-eabi/12.3.1/../../../../arm-none-eabi/lib/thumb/v7-m/nofp\libc_nano.a(libc_a-lseekr.o)
[...]
Memory Configuration

Name             Origin             Length             Attributes
RAM              0x20000000         0x00002800         xrw
FLASH            0x08000000         0x00008000         xr
*default*        0x00000000         0xffffffff

Linker script and memory map

LOAD C:/ST/STM32CubeIDE_1.17.0/STM32CubeIDE/plugins/com.st.stm32cube.ide.mcu.externaltools.gnu-tools-for-stm32.12.3.rel1.win32_1.1.0.202410251130/tools/bin/../lib/gcc/arm-none-eabi/12.3.1/thumb/v7-m/nofp/crti.o
LOAD C:/ST/STM32CubeIDE_1.17.0/STM32CubeIDE/plugins/com.st.stm32cube.ide.mcu.externaltools.gnu-tools-for-stm32.12.3.rel1.win32_1.1.0.202410251130/tools/bin/../lib/gcc/arm-none-eabi/12.3.1/thumb/v7-m/nofp/crtbegin.o
LOAD C:/ST/STM32CubeIDE_1.17.0/STM32CubeIDE/plugins/com.st.stm32cube.ide.mcu.externaltools.gnu-tools-for-stm32.12.3.rel1.win32_1.1.0.202410251130/tools/bin/../lib/gcc/arm-none-eabi/12.3.1/../../../../arm-none-eabi/lib/thumb/v7-m/nofp/crt0.o
LOAD ./STM32F103C6_Drivers/HAL/KEYPAD_driver/keypad.o
LOAD ./STM32F103C6_Drivers/HAL/LCD_DRIVER/lcd.o
LOAD ./STM32F103C6_Drivers/MCAL/EXTI_DRIVER/exti_driver.o
LOAD ./STM32F103C6_Drivers/MCAL/GPIO_DRIVER/gpio_driver.o
LOAD ./Src/main.o
LOAD ./Src/syscalls.o
LOAD ./Src/sysmem.o
LOAD ./Startup/startup_stm32f103c6tx.o
START GROUP
LOAD C:/ST/STM32CubeIDE_1.17.0/STM32CubeIDE/plugins/com.st.stm32cube.ide.mcu.externaltools.gnu-tools-for-stm32.12.3.rel1.win32_1.1.0.202410251130/tools/bin/../lib/gcc/arm-none-eabi/12.3.1/../../../../arm-none-eabi/lib/thumb/v7-m/nofp\libc_nano.a
LOAD C:/ST/STM32CubeIDE_1.17.0/STM32CubeIDE/plugins/com.st.stm32cube.ide.mcu.externaltools.gnu-tools-for-stm32.12.3.rel1.win32_1.1.0.202410251130/tools/bin/../lib/gcc/arm-none-eabi/12.3.1/../../../../arm-none-eabi/lib/thumb/v7-m/nofp\libm.a
END GROUP
START GROUP
LOAD C:/ST/STM32CubeIDE_1.17.0/STM32CubeIDE/plugins/com.st.stm32cube.ide.mcu.externaltools.gnu-tools-for-stm32.12.3.rel1.win32_1.1.0.202410251130/tools/bin/../lib/gcc/arm-none-eabi/12.3.1/thumb/v7-m/nofp\libgcc.a
LOAD C:/ST/STM32CubeIDE_1.17.0/STM32CubeIDE/plugins/com.st.stm32cube.ide.mcu.externaltools.gnu-tools-for-stm32.12.3.rel1.win32_1.1.0.202410251130/tools/bin/../lib/gcc/arm-none-eabi/12.3.1/../../../../arm-none-eabi/lib/thumb/v7-m/nofp\libg_nano.a
LOAD C:/ST/STM32CubeIDE_1.17.0/STM32CubeIDE/plugins/com.st.stm32cube.ide.mcu.externaltools.gnu-tools-for-stm32.12.3.rel1.win32_1.1.0.202410251130/tools/bin/../lib/gcc/arm-none-eabi/12.3.1/../../../../arm-none-eabi/lib/thumb/v7-m/nofp\libc_nano.a
END GROUP
START GROUP
LOAD C:/ST/STM32CubeIDE_1.17.0/STM32CubeIDE/plugins/com.st.stm32cube.ide.mcu.externaltools.gnu-tools-for-stm32.12.3.rel1.win32_1.1.0.202410251130/tools/bin/../lib/gcc/arm-none-eabi/12.3.1/thumb/v7-m/nofp\libgcc.a
LOAD C:/ST/STM32CubeIDE_1.17.0/STM32CubeIDE/plugins/com.st.stm32cube.ide.mcu.externaltools.gnu-tools-for-stm32.12.3.rel1.win32_1.1.0.202410251130/tools/bin/../lib/gcc/arm-none-eabi/12.3.1/../../../../arm-none-eabi/lib/thumb/v7-m/nofp\libc_nano.a
LOAD C:/ST/STM32CubeIDE_1.17.0/STM32CubeIDE/plugins/com.st.stm32cube.ide.mcu.externaltools.gnu-tools-for-stm32.12.3.rel1.win32_1.1.0.202410251130/tools/bin/../lib/gcc/arm-none-eabi/12.3.1/../../../../arm-none-eabi/lib/thumb/v7-m/nofp\libnosys.a
END GROUP
START GROUP
LOAD C:/ST/STM32CubeIDE_1.17.0/STM32CubeIDE/plugins/com.st.stm32cube.ide.mcu.externaltools.gnu-tools-for-stm32.12.3.rel1.win32_1.1.0.202410251130/tools/bin/../lib/gcc/arm-none-eabi/12.3.1/thumb/v7-m/nofp\libgcc.a
LOAD C:/ST/STM32CubeIDE_1.17.0/STM32CubeIDE/plugins/com.st.stm32cube.ide.mcu.externaltools.gnu-tools-for-stm32.12.3.rel1.win32_1.1.0.202410251130/tools/bin/../lib/gcc/arm-none-eabi/12.3.1/../../../../arm-none-eabi/lib/thumb/v7-m/nofp\libc_nano.a
LOAD C:/ST/STM32CubeIDE_1.17.0/STM32CubeIDE/plugins/com.st.stm32cube.ide.mcu.externaltools.gnu-tools-for-stm32.12.3.rel1.win32_1.1.0.202410251130/tools/bin/../lib/gcc/arm-none-eabi/12.3.1/../../../../arm-none-eabi/lib/thumb/v7-m/nofp\libnosys.a
END GROUP
LOAD C:/ST/STM32CubeIDE_1.17.0/STM32CubeIDE/plugins/com.st.stm32cube.ide.mcu.externaltools.gnu-tools-for-stm32.12.3.rel1.win32_1.1.0.202410251130/tools/bin/../lib/gcc/arm-none-eabi/12.3.1/thumb/v7-m/nofp/crtend.o
LOAD C:/ST/STM32CubeIDE_1.17.0/STM32CubeIDE/plugins/com.st.stm32cube.ide.mcu.externaltools.gnu-tools-for-stm32.12.3.rel1.win32_1.1.0.202410251130/tools/bin/../lib/gcc/arm-none-eabi/12.3.1/thumb/v7-m/nofp/crtn.o
                0x20002800                        _estack = (ORIGIN (RAM) + LENGTH (RAM))
                0x00000200                        _Min_Heap_Size = 0x200
                0x00000400                        _Min_Stack_Size = 0x400

.isr_vector     0x08000000      0x130
                0x08000000                        . = ALIGN (0x4)
 *(.isr_vector)
 .isr_vector    0x08000000      0x130 ./Startup/startup_stm32f103c6tx.o
                0x08000000                g_pfnVectors
                0x08000130                        . = ALIGN (0x4)

.text           0x08000130      0xef4
                0x08000130                        . = ALIGN (0x4)
 *(.text)
 .text          0x08000130       0x40 C:/ST/STM32CubeIDE_1.17.0/STM32CubeIDE/plugins/com.st.stm32cube.ide.mcu.externaltools.gnu-tools-for-stm32.12.3.rel1.win32_1.1.0.202410251130/tools/bin/../lib/gcc/arm-none-eabi/12.3.1/thumb/v7-m/nofp/crtbegin.o
 *(.text*)
 .text.my_wait  0x08000170       0x3a ./STM32F103C6_Drivers/HAL/LCD_DRIVER/lcd.o
                0x08000170                my_wait
 *fill*         0x080001aa        0x2 
 .text.LCD_KICK
                0x080001ac       0x2c ./STM32F103C6_Drivers/HAL/LCD_DRIVER/lcd.o
                0x080001ac                LCD_KICK
 .text.LCD_WRITE_COMMAND
                0x080001d8       0x48 ./STM32F103C6_Drivers/HAL/LCD_DRIVER/lcd.o
                0x080001d8                LCD_WRITE_COMMAND
 .text.LCD_INIT
                0x08000220      0x190 ./STM32F103C6_Drivers/HAL/LCD_DRIVER/lcd.o
                0x08000220                LCD_INIT
 .text.LCD_GO_TO_XY
                0x080003b0       0x54 ./STM32F103C6_Drivers/HAL/LCD_DRIVER/lcd.o
                0x080003b0                LCD_GO_TO_XY
 .text.LCD_clear_screen
                0x08000404       0x14 ./STM32F103C6_Drivers/HAL/LCD_DRIVER/lcd.o
                0x08000404                LCD_clear_screen
 .text.LCD_IS_BUSY
                0x08000418      0x17c ./STM32F103C6_Drivers/HAL/LCD_DRIVER/lcd.o
                0x08000418                LCD_IS_BUSY
 .text.LCD_WRITE_CHAR
                0x08000594       0x48 ./STM32F103C6_Drivers/HAL/LCD_DRIVER/lcd.o
                0x08000594                LCD_WRITE_CHAR
 .text.LCD_WRITE_STRING
                0x080005dc       0x5a ./STM32F103C6_Drivers/HAL/LCD_DRIVER/lcd.o
                0x080005dc                LCD_WRITE_STRING
 *fill*         0x08000636        0x2 
 .text.Enable_NVIC
                0x08000638       0xcc ./STM32F103C6_Drivers/MCAL/EXTI_DRIVER/exti_driver.o
                0x08000638                Enable_NVIC
 .text.Disable_NVIC
                0x08000704       0xcc ./STM32F103C6_Drivers/MCAL/EXTI_DRIVER/exti_driver.o
                0x08000704                Disable_NVIC
 .text.Update_EXTI
                0x080007d0      0x1d8 ./STM32F103C6_Drivers/MCAL/EXTI_DRIVER/exti_driver.o
                0x080007d0                Update_EXTI
 .text.MCAL_EXTI_GPIO_INIT
                0x080009a8       0x16 ./STM32F103C6_Drivers/MCAL/EXTI_DRIVER/exti_driver.o
                0x080009a8                MCAL_EXTI_GPIO_INIT
 *fill*         0x080009be        0x2 
 .text.EXTI0_IRQHandler
                0x080009c0       0x24 ./STM32F103C6_Drivers/MCAL/EXTI_DRIVER/exti_driver.o
                0x080009c0                EXTI0_IRQHandler
 .text.EXTI1_IRQHandler
                0x080009e4       0x24 ./STM32F103C6_Drivers/MCAL/EXTI_DRIVER/exti_driver.o
                0x080009e4                EXTI1_IRQHandler
 .text.EXTI2_IRQHandler
                0x08000a08       0x24 ./STM32F103C6_Drivers/MCAL/EXTI_DRIVER/exti_driver.o
                0x08000a08                EXTI2_IRQHandler
 .text.EXTI3_IRQHandler
                0x08000a2c       0x24 ./STM32F103C6_Drivers/MCAL/EXTI_DRIVER/exti_driver.o
                0x08000a2c                EXTI3_IRQHandler
 .text.EXTI4_IRQHandler
                0x08000a50       0x24 ./STM32F103C6_Drivers/MCAL/EXTI_DRIVER/exti_driver.o
                0x08000a50                EXTI4_IRQHandler
 .text.EXTI9_5_IRQHandler
                0x08000a74       0xa8 ./STM32F103C6_Drivers/MCAL/EXTI_DRIVER/exti_driver.o
                0x08000a74                EXTI9_5_IRQHandler
 .text.EXTI15_10_IRQHandler
                0x08000b1c       0xc4 ./STM32F103C6_Drivers/MCAL/EXTI_DRIVER/exti_driver.o
                0x08000b1c                EXTI15_10_IRQHandler
 .text.Get_CRLH_Position
                0x08000be0      0x170 ./STM32F103C6_Drivers/MCAL/GPIO_DRIVER/gpio_driver.o
                0x08000be0                Get_CRLH_Position
 .text.MCAL_GPIO_Init
                0x08000d50       0xf8 ./STM32F103C6_Drivers/MCAL/GPIO_DRIVER/gpio_driver.o
                0x08000d50                MCAL_GPIO_Init
 .text.MCAL_GPIO_Write_PIN
                0x08000e48       0x2e ./STM32F103C6_Drivers/MCAL/GPIO_DRIVER/gpio_driver.o
                0x08000e48                MCAL_GPIO_Write_PIN
 .text.MCAL_GPIO_Write_PORT
                0x08000e76       0x1c ./STM32F103C6_Drivers/MCAL/GPIO_DRIVER/gpio_driver.o
                0x08000e76                MCAL_GPIO_Write_PORT
 .text.my_delay
                0x08000e92       0x3a ./Src/main.o
                0x08000e92                my_delay
 .text.EXTI9PB9_CALLBACK
                0x08000ecc       0x24 ./Src/main.o
                0x08000ecc                EXTI9PB9_CALLBACK
 .text.main     0x08000ef0       0x80 ./Src/main.o
                0x08000ef0                main
 .text.Reset_Handler
                0x08000f70       0x50 ./Startup/startup_stm32f103c6tx.o
                0x08000f70                Reset_Handler
 .text.Default_Handler
                0x08000fc0        0x2 ./Startup/startup_stm32f103c6tx.o
                0x08000fc0                TIM8_TRG_COM_IRQHandler
                0x08000fc0                TIM8_CC_IRQHandler
                0x08000fc0                DebugMon_Handler
                0x08000fc0                TIM1_CC_IRQHandler
                0x08000fc0                HardFault_Handler
                0x08000fc0                TIM6_IRQHandler
                0x08000fc0                SysTick_Handler
                0x08000fc0                PVD_IRQHandler
                0x08000fc0                SDIO_IRQHandler
                0x08000fc0                PendSV_Handler
                0x08000fc0                NMI_Handler
                0x08000fc0                USB_HP_CAN_TX_IRQHandler
                0x08000fc0                I2C2_EV_IRQHandler
                0x08000fc0                UsageFault_Handler
                0x08000fc0                ADC1_2_IRQHandler
                0x08000fc0                SPI1_IRQHandler
                0x08000fc0                CAN_SCE_IRQHandler
                0x08000fc0                TAMPER_IRQHandler
                0x08000fc0                TIM8_UP_IRQHandler
                0x08000fc0                DMA2_Channel2_IRQHandler
                0x08000fc0                DMA1_Channel4_IRQHandler
                0x08000fc0                USART3_IRQHandler
                0x08000fc0                RTC_IRQHandler
                0x08000fc0                DMA1_Channel7_IRQHandler
                0x08000fc0                UART5_IRQHandler
                0x08000fc0                ADC3_IRQHandler
                0x08000fc0                TIM4_IRQHandler
                0x08000fc0                CAN_RX1_IRQHandler
                0x08000fc0                DMA2_Channel1_IRQHandler
                0x08000fc0                I2C1_EV_IRQHandler
                0x08000fc0                DMA1_Channel6_IRQHandler
                0x08000fc0                UART4_IRQHandler
                0x08000fc0                TIM3_IRQHandler
                0x08000fc0                RCC_IRQHandler
                0x08000fc0                TIM1_TRG_COM_IRQHandler
                0x08000fc0                DMA1_Channel1_IRQHandler
                0x08000fc0                Default_Handler
                0x08000fc0                TIM7_IRQHandler
                0x08000fc0                TIM5_IRQHandler
                0x08000fc0                SPI2_IRQHandler
                0x08000fc0                USB_LP_CAN_RX0_IRQHandler
                0x08000fc0                MemManage_Handler
                0x08000fc0                SVC_Handler
                0x08000fc0                DMA1_Channel5_IRQHandler
                0x08000fc0                DMA1_Channel3_IRQHandler
                0x08000fc0                FSMC_IRQHandler
                0x08000fc0                TIM1_UP_IRQHandler
                0x08000fc0                WWDG_IRQHandler
                0x08000fc0                TIM2_IRQHandler
                0x08000fc0                TIM1_BRK_IRQHandler
                0x08000fc0                RTCAlarm_IRQHandler
                0x08000fc0                DMA2_Channel4_5_IRQHandler
                0x08000fc0                USART2_IRQHandler
                0x08000fc0                I2C2_ER_IRQHandler
                0x08000fc0                DMA1_Channel2_IRQHandler
                0x08000fc0                TIM8_BRK_IRQHandler
                0x08000fc0                FLASH_IRQHandler
                0x08000fc0                BusFault_Handler
                0x08000fc0                USART1_IRQHandler
                0x08000fc0                SPI3_IRQHandler
                0x08000fc0                I2C1_ER_IRQHandler
                0x08000fc0                DMA2_Channel3_IRQHandler
 *fill*         0x08000fc2        0x2 
 .text.__libc_init_array
                0x08000fc4       0x48 C:/ST/STM32CubeIDE_1.17.0/STM32CubeIDE/plugins/com.st.stm32cube.ide.mcu.externaltools.gnu-tools-for-stm32.12.3.rel1.win32_1.1.0.202410251130/tools/bin/../lib/gcc/arm-none-eabi/12.3.1/../../../../arm-none-eabi/lib/thumb/v7-m/nofp\libc_nano.a(libc_a-init.o)
                0x08000fc4                __libc_init_array
 *(.glue_7)
 .glue_7        0x0800100c        0x0 linker stubs
 *(.glue_7t)
 .glue_7t       0x0800100c        0x0 linker stubs
 *(.eh_frame)
 .eh_frame      0x0800100c        0x0 C:/ST/STM32CubeIDE_1.17.0/STM32CubeIDE/plugins/com.st.stm32cube.ide.mcu.externaltools.gnu-tools-for-stm32.12.3.rel1.win32_1.1.0.202410251130/tools/bin/../lib/gcc/arm-none-eabi/12.3.1/thumb/v7-m/nofp/crtbegin.o
 *(.init)
 .init          0x0800100c        0x4 C:/ST/STM32CubeIDE_1.17.0/STM32CubeIDE/plugins/com.st.stm32cube.ide.mcu.externaltools.gnu-tools-for-stm32.12.3.rel1.win32_1.1.0.202410251130/tools/bin/../lib/gcc/arm-none-eabi/12.3.1/thumb/v7-m/nofp/crti.o
                0x0800100c                _init
 .init          0x08001010        0x8 C:/ST/STM32CubeIDE_1.17.0/STM32CubeIDE/plugins/com.st.stm32cube.ide.mcu.externaltools.gnu-tools-for-stm32.12.3.rel1.win32_1.1.0.202410251130/tools/bin/../lib/gcc/arm-none-eabi/12.3.1/thumb/v7-m/nofp/crtn.o
 *(.fini)
 .fini          0x08001018        0x4 C:/ST/STM32CubeIDE_1.17.0/STM32CubeIDE/plugins/com.st.stm32cube.ide.mcu.externaltools.gnu-tools-for-stm32.12.3.rel1.win32_1.1.0.202410251130/tools/bin/../lib/gcc/arm-none-eabi/12.3.1/thumb/v7-m/nofp/crti.o
                0x08001018                _fini
 .fini          0x0800101c        0x8 C:/ST/STM32CubeIDE_1.17.0/STM32CubeIDE/plugins/com.st.stm32cube.ide.mcu.externaltools.gnu-tools-for-stm32.12.3.rel1.win32_1.1.0.202410251130/tools/bin/../lib/gcc/arm-none-eabi/12.3.1/thumb/v7-m/nofp/crtn.o
                0x08001024                        . = ALIGN (0x4)
                0x08001024                        _etext = .

.vfp11_veneer   0x08001024        0x0
 .vfp11_veneer  0x08001024        0x0 linker stubs

.v4_bx          0x08001024        0x0
 .v4_bx         0x08001024        0x0 linker stubs

.iplt           0x08001024        0x0
 .iplt          0x08001024        0x0 C:/ST/STM32CubeIDE_1.17.0/STM32CubeIDE/plugins/com.st.stm32cube.ide.mcu.externaltools.gnu-tools-for-stm32.12.3.rel1.win32_1.1.0.202410251130/tools/bin/../lib/gcc/arm-none-eabi/12.3.1/thumb/v7-m/nofp/crtbegin.o

.rodata         0x08001024       0x28
                0x08001024                        . = ALIGN (0x4)
 *(.rodata)
 .rodata        0x08001024       0x28 ./Src/main.o
 *(.rodata*)
                0x0800104c                        . = ALIGN (0x4)

.ARM.extab      0x0800104c        0x0
                0x0800104c                        . = ALIGN (0x4)
 *(.ARM.extab* .gnu.linkonce.armextab.*)
                0x0800104c                        . = ALIGN (0x4)

.ARM            0x0800104c        0x0
                0x0800104c                        . = ALIGN (0x4)
                0x0800104c                        __exidx_start = .
 *(.ARM.exidx*)
                0x0800104c                        __exidx_end = .
                0x0800104c                        . = ALIGN (0x4)

.preinit_array  0x0800104c        0x0
                0x0800104c                        . = ALIGN (0x4)
                0x0800104c                        PROVIDE (__preinit_array_start = .)
 *(.preinit_array*)
                0x0800104c                        PROVIDE (__preinit_array_end = .)
                0x0800104c                        . = ALIGN (0x4)

.init_array     0x0800104c        0x4
                0x0800104c                        . = ALIGN (0x4)
                0x0800104c                        PROVIDE (__init_array_start = .)
 *(SORT_BY_NAME(.init_array.*))
 *(.init_array*)
 .init_array    0x0800104c        0x4 C:/ST/STM32CubeIDE_1.17.0/STM32CubeIDE/plugins/com.st.stm32cube.ide.mcu.externaltools.gnu-tools-for-stm32.12.3.rel1.win32_1.1.0.202410251130/tools/bin/../lib/gcc/arm-none-eabi/12.3.1/thumb/v7-m/nofp/crtbegin.o
                0x08001050                        PROVIDE (__init_array_end = .)
                0x08001050                        . = ALIGN (0x4)

.fini_array     0x08001050        0x4
                0x08001050                        . = ALIGN (0x4)
                [!provide]                        PROVIDE (__fini_array_start = .)
 *(SORT_BY_NAME(.fini_array.*))
 *(.fini_array*)
 .fini_array    0x08001050        0x4 C:/ST/STM32CubeIDE_1.17.0/STM32CubeIDE/plugins/com.st.stm32cube.ide.mcu.externaltools.gnu-tools-for-stm32.12.3.rel1.win32_1.1.0.202410251130/tools/bin/../lib/gcc/arm-none-eabi/12.3.1/thumb/v7-m/nofp/crtbegin.o
                [!provide]                        PROVIDE (__fini_array_end = .)
                0x08001054                        . = ALIGN (0x4)
                0x08001054                        _sidata = LOADADDR (.data)

.rel.dyn        0x08001054        0x0
 .rel.iplt      0x08001054        0x0 C:/ST/STM32CubeIDE_1.17.0/STM32CubeIDE/plugins/com.st.stm32cube.ide.mcu.externaltools.gnu-tools-for-stm32.12.3.rel1.win32_1.1.0.202410251130/tools/bin/../lib/gcc/arm-none-eabi/12.3.1/thumb/v7-m/nofp/crtbegin.o

.data           0x20000000        0x0 load address 0x08001054
                0x20000000                        . = ALIGN (0x4)
                0x20000000                        _sdata = .
 *(.data)
 *(.data*)
 *(.RamFunc)
 *(.RamFunc*)
                0x20000000                        . = ALIGN (0x4)
                0x20000000                        _edata = .

.igot.plt       0x20000000        0x0 load address 0x08001054
 .igot.plt      0x20000000        0x0 C:/ST/STM32CubeIDE_1.17.0/STM32CubeIDE/plugins/com.st.stm32cube.ide.mcu.externaltools.gnu-tools-for-stm32.12.3.rel1.win32_1.1.0.202410251130/tools/bin/../lib/gcc/arm-none-eabi/12.3.1/thumb/v7-m/nofp/crtbegin.o
                0x20000000                        . = ALIGN (0x4)

.bss            0x20000000       0x60 load address 0x08001054
                0x20000000                        _sbss = .
                0x20000000                        __bss_start__ = _sbss
 *(.bss)
 .bss           0x20000000       0x1c C:/ST/STM32CubeIDE_1.17.0/STM32CubeIDE/plugins/com.st.stm32cube.ide.mcu.externaltools.gnu-tools-for-stm32.12.3.rel1.win32_1.1.0.202410251130/tools/bin/../lib/gcc/arm-none-eabi/12.3.1/thumb/v7-m/nofp/crtbegin.o
 *(.bss*)
 .bss.PinCfg    0x2000001c        0x4 ./STM32F103C6_Drivers/HAL/LCD_DRIVER/lcd.o
                0x2000001c                PinCfg
 .bss.GPtr_IRQ_CALLBACK
                0x20000020       0x3c ./STM32F103C6_Drivers/MCAL/EXTI_DRIVER/exti_driver.o
                0x20000020                GPtr_IRQ_CALLBACK
 .bss.IRQ_FALG  0x2000005c        0x4 ./Src/main.o
                0x2000005c                IRQ_FALG
 *(COMMON)
                0x20000060                        . = ALIGN (0x4)
                0x20000060                        _ebss = .
                0x20000060                        __bss_end__ = _ebss

._user_heap_stack
                0x20000060      0x600 load address 0x08001054
                0x20000060                        . = ALIGN (0x8)
                [!provide]                        PROVIDE (end = .)
                0x20000060                        PROVIDE (_end = .)
                0x20000260                        . = (. + _Min_Heap_Size)
 *fill*         0x20000060      0x200 
                0x20000660                        . = (. + _Min_Stack_Size)
 *fill*         0x20000260      0x400 
                0x20000660                        . = ALIGN (0x8)

/DISCARD/
 libc.a(*)
 libm.a(*)
 libgcc.a(*)

.ARM.attributes
                0x00000000       0x29
 *(.ARM.attributes)
 .ARM.attributes
                0x00000000       0x1d C:/ST/STM32CubeIDE_1.17.0/STM32CubeIDE/plugins/com.st.stm32cube.ide.mcu.externaltools.gnu-tools-for-stm32.12.3.rel1.win32_1.1.0.202410251130/tools/bin/../lib/gcc/arm-none-eabi/12.3.1/thumb/v7-m/nofp/crti.o
 .ARM.attributes
                0x0000001d       0x2d C:/ST/STM32CubeIDE_1.17.0/STM32CubeIDE/plugins/com.st.stm32cube.ide.mcu.externaltools.gnu-tools-for-stm32.12.3.rel1.win32_1.1.0.202410251130/tools/bin/../lib/gcc/arm-none-eabi/12.3.1/thumb/v7-m/nofp/crtbegin.o
 .ARM.attributes
                0x0000004a       0x2d ./STM32F103C6_Drivers/HAL/LCD_DRIVER/lcd.o
 .ARM.attributes
                0x00000077       0x2d ./STM32F103C6_Drivers/MCAL/EXTI_DRIVER/exti_driver.o
 .ARM.attributes
                0x000000a4       0x2d ./STM32F103C6_Drivers/MCAL/GPIO_DRIVER/gpio_driver.o
 .ARM.attributes
                0x000000d1       0x2d ./Src/main.o
 .ARM.attributes
                0x000000fe       0x21 ./Startup/startup_stm32f103c6tx.o
 .ARM.attributes
                0x0000011f       0x2d C:/ST/STM32CubeIDE_1.17.0/STM32CubeIDE/plugins/com.st.stm32cube.ide.mcu.externaltools.gnu-tools-for-stm32.12.3.rel1.win32_1.1.0.202410251130/tools/bin/../lib/gcc/arm-none-eabi/12.3.1/../../../../arm-none-eabi/lib/thumb/v7-m/nofp\libc_nano.a(libc_a-init.o)
 .ARM.attributes
                0x0000014c       0x1d C:/ST/STM32CubeIDE_1.17.0/STM32CubeIDE/plugins/com.st.stm32cube.ide.mcu.externaltools.gnu-tools-for-stm32.12.3.rel1.win32_1.1.0.202410251130/tools/bin/../lib/gcc/arm-none-eabi/12.3.1/thumb/v7-m/nofp/crtn.o
OUTPUT(Drivers.elf elf32-littlearm)
LOAD linker stubs
LOAD C:/ST/STM32CubeIDE_1.17.0/STM32CubeIDE/plugins/com.st.stm32cube.ide.mcu.externaltools.gnu-tools-for-stm32.12.3.rel1.win32_1.1.0.202410251130/tools/bin/../lib/gcc/arm-none-eabi/12.3.1/../../../../arm-none-eabi/lib/thumb/v7-m/nofp\libc.a
LOAD C:/ST/STM32CubeIDE_1.17.0/STM32CubeIDE/plugins/com.st.stm32cube.ide.mcu.externaltools.gnu-tools-for-stm32.12.3.rel1.win32_1.1.0.202410251130/tools/bin/../lib/gcc/arm-none-eabi/12.3.1/../../../../arm-none-eabi/lib/thumb/v7-m/nofp\libm.a
LOAD C:/ST/STM32CubeIDE_1.17.0/STM32CubeIDE/plugins/com.st.stm32cube.ide.mcu.externaltools.gnu-tools-for-stm32.12.3.rel1.win32_1.1.0.202410251130/tools/bin/../lib/gcc/arm-none-eabi/12.3.1/thumb/v7-m/nofp\libgcc.a

.debug_info     0x00000000     0x11c5
 .debug_info    0x00000000      0x42f ./STM32F103C6_Drivers/HAL/LCD_DRIVER/lcd.o
 .debug_info    0x0000042f      0x52e ./STM32F103C6_Drivers/MCAL/EXTI_DRIVER/exti_driver.o
 .debug_info    0x0000095d      0x4aa ./STM32F103C6_Drivers/MCAL/GPIO_DRIVER/gpio_driver.o
 .debug_info    0x00000e07      0x38e ./Src/main.o
 .debug_info    0x00001195       0x30 ./Startup/startup_stm32f103c6tx.o

.debug_abbrev   0x00000000      0x609
 .debug_abbrev  0x00000000      0x198 ./STM32F103C6_Drivers/HAL/LCD_DRIVER/lcd.o
 .debug_abbrev  0x00000198      0x19a ./STM32F103C6_Drivers/MCAL/EXTI_DRIVER/exti_driver.o
 .debug_abbrev  0x00000332      0x16f ./STM32F103C6_Drivers/MCAL/GPIO_DRIVER/gpio_driver.o
 .debug_abbrev  0x000004a1      0x14b ./Src/main.o
 .debug_abbrev  0x000005ec       0x1d ./Startup/startup_stm32f103c6tx.o

.debug_loc      0x00000000      0x980
 .debug_loc     0x00000000      0x270 ./STM32F103C6_Drivers/HAL/LCD_DRIVER/lcd.o
 .debug_loc     0x00000270      0x320 ./STM32F103C6_Drivers/MCAL/EXTI_DRIVER/exti_driver.o
 .debug_loc     0x00000590      0x330 ./STM32F103C6_Drivers/MCAL/GPIO_DRIVER/gpio_driver.o
 .debug_loc     0x000008c0       0xc0 ./Src/main.o

.debug_aranges  0x00000000      0x198
 .debug_aranges
                0x00000000       0x60 ./STM32F103C6_Drivers/HAL/LCD_DRIVER/lcd.o
 .debug_aranges
                0x00000060       0x80 ./STM32F103C6_Drivers/MCAL/EXTI_DRIVER/exti_driver.o
 .debug_aranges
                0x000000e0       0x60 ./STM32F103C6_Drivers/MCAL/GPIO_DRIVER/gpio_driver.o
 .debug_aranges
                0x00000140       0x30 ./Src/main.o
 .debug_aranges
                0x00000170       0x28 ./Startup/startup_stm32f103c6tx.o

.debug_ranges   0x00000000      0x150
 .debug_ranges  0x00000000       0x50 ./STM32F103C6_Drivers/HAL/LCD_DRIVER/lcd.o
 .debug_ranges  0x00000050       0x70 ./STM32F103C6_Drivers/MCAL/EXTI_DRIVER/exti_driver.o
 .debug_ranges  0x000000c0       0x50 ./STM32F103C6_Drivers/MCAL/GPIO_DRIVER/gpio_driver.o
 .debug_ranges  0x00000110       0x20 ./Src/main.o
 .debug_ranges  0x00000130       0x20 ./Startup/startup_stm32f103c6tx.o

.debug_macro    0x00000000      0xb51
 .debug_macro   0x00000000      0x15e ./STM32F103C6_Drivers/HAL/LCD_DRIVER/lcd.o
 .debug_macro   0x0000015e       0x10 ./STM32F103C6_Drivers/HAL/LCD_DRIVER/lcd.o
 .debug_macro   0x0000016e       0x94 ./STM32F103C6_Drivers/HAL/LCD_DRIVER/lcd.o
 .debug_macro   0x00000202      0x163 ./STM32F103C6_Drivers/MCAL/EXTI_DRIVER/exti_driver.o
 .debug_macro   0x00000365       0xdc ./STM32F103C6_Drivers/MCAL/EXTI_DRIVER/exti_driver.o
 .debug_macro   0x00000441      0x21f ./STM32F103C6_Drivers/MCAL/EXTI_DRIVER/exti_driver.o
 .debug_macro   0x00000660      0x150 ./STM32F103C6_Drivers/MCAL/GPIO_DRIVER/gpio_driver.o
 .debug_macro   0x000007b0      0x17b ./Src/main.o
 .debug_macro   0x0000092b       0x8e ./Src/main.o
 .debug_macro   0x000009b9       0x51 ./Src/main.o
 .debug_macro   0x00000a0a       0x61 ./Src/main.o
 .debug_macro   0x00000a6b       0xa0 ./Src/main.o
 .debug_macro   0x00000b0b       0x46 ./Src/main.o

.debug_line     0x00000000     0x2304
 .debug_line    0x00000000      0x8c9 ./STM32F103C6_Drivers/HAL/LCD_DRIVER/lcd.o
 .debug_line    0x000008c9      0xaba ./STM32F103C6_Drivers/MCAL/EXTI_DRIVER/exti_driver.o
 .debug_line    0x00001383      0x82e ./STM32F103C6_Drivers/MCAL/GPIO_DRIVER/gpio_driver.o
 .debug_line    0x00001bb1      0x6cf ./Src/main.o
 .debug_line    0x00002280       0x84 ./Startup/startup_stm32f103c6tx.o

.debug_str      0x00000000     0x97dc
 .debug_str     0x00000000     0x8083 ./STM32F103C6_Drivers/HAL/LCD_DRIVER/lcd.o
                               0x828a (size before relaxing)
 .debug_str     0x00008083     0x1556 ./STM32F103C6_Drivers/MCAL/EXTI_DRIVER/exti_driver.o
                               0x945b (size before relaxing)
 .debug_str     0x000095d9       0xf7 ./STM32F103C6_Drivers/MCAL/GPIO_DRIVER/gpio_driver.o
                               0x8056 (size before relaxing)
 .debug_str     0x000096d0       0xcd ./Src/main.o
                               0x95b5 (size before relaxing)
 .debug_str     0x0000979d       0x3f ./Startup/startup_stm32f103c6tx.o
                                 0x7a (size before relaxing)

.comment        0x00000000       0x43
 .comment       0x00000000       0x43 ./STM32F103C6_Drivers/HAL/LCD_DRIVER/lcd.o
                                 0x44 (size before relaxing)
 .comment       0x00000043       0x44 ./STM32F103C6_Drivers/MCAL/EXTI_DRIVER/exti_driver.o
 .comment       0x00000043       0x44 ./STM32F103C6_Drivers/MCAL/GPIO_DRIVER/gpio_driver.o
 .comment       0x00000043       0x44 ./Src/main.o

.debug_frame    0x00000000      0x504
 .debug_frame   0x00000000      0x140 ./STM32F103C6_Drivers/HAL/LCD_DRIVER/lcd.o
 .debug_frame   0x00000140      0x1b0 ./STM32F103C6_Drivers/MCAL/EXTI_DRIVER/exti_driver.o
 .debug_frame   0x000002f0      0x174 ./STM32F103C6_Drivers/MCAL/GPIO_DRIVER/gpio_driver.o
 .debug_frame   0x00000464       0x74 ./Src/main.o
 .debug_frame   0x000004d8       0x2c C:/ST/STM32CubeIDE_1.17.0/STM32CubeIDE/plugins/com.st.stm32cube.ide.mcu.externaltools.gnu-tools-for-stm32.12.3.rel1.win32_1.1.0.202410251130/tools/bin/../lib/gcc/arm-none-eabi/12.3.1/../../../../arm-none-eabi/lib/thumb/v7-m/nofp\libc_nano.a(libc_a-init.o)
