
Memory Configuration

Name             Origin             Length             Attributes
flash            0x08000000         0x00020000         xr
sram             0x20000000         0x00005000         xrw
*default*        0x00000000         0xffffffff

Linker script and memory map


.text           0x08000000      0x33c
 *(.vectors*)
 .vectors       0x08000000       0x18 startup.o
                0x08000000                vectors
 *(.text*)
 .text          0x08000018       0x20 Alarm_Actuator.o
                0x08000018                Start_Alarm
                0x08000028                Stop_Alarm
 .text          0x08000038       0x3c Algorithm.o
                0x08000038                Algorithm_Pressure_Detection
                0x0800005c                set_Pressure_val
 .text          0x08000074       0xf8 driver.o
                0x08000074                Delay
                0x08000098                getPressureVal
                0x080000b0                Set_Alarm_actuator
                0x08000100                GPIO_INITIALIZATION
 .text          0x0800016c       0x24 main.o
                0x0800016c                main
 .text          0x08000190       0x78 Monitor_Alarm.o
                0x08000190                Alarm_idle
                0x080001c8                Alarm_Active
                0x080001f0                High_Pressure_Detected
 .text          0x08000208       0x74 Pressure_Sensor_Driver.o
                0x08000208                Pressure_Sensor_init
                0x08000224                Reading_Pressure_Val_State
                0x0800025c                Waiting_State
 .text          0x0800027c       0xbc startup.o
                0x0800027c                MM_fault
                0x0800027c                Bus_Fault
                0x0800027c                Hard_Fault
                0x0800027c                Default_Handler
                0x0800027c                NMI
                0x08000288                Reset_Handler
 *(.rodata*)
 .rodata        0x08000338        0x4 Algorithm.o
                0x08000338                PRESSURE_THRESHOLD
                0x0800033c                _E_text = .

.glue_7         0x0800033c        0x0
 .glue_7        0x00000000        0x0 linker stubs

.glue_7t        0x0800033c        0x0
 .glue_7t       0x00000000        0x0 linker stubs

.vfp11_veneer   0x0800033c        0x0
 .vfp11_veneer  0x00000000        0x0 linker stubs

.v4_bx          0x0800033c        0x0
 .v4_bx         0x00000000        0x0 linker stubs

.iplt           0x0800033c        0x0
 .iplt          0x00000000        0x0 Alarm_Actuator.o

.rel.dyn        0x0800033c        0x0
 .rel.iplt      0x00000000        0x0 Alarm_Actuator.o

.data           0x20000000        0x8 load address 0x0800033c
                0x20000000                _S_DATA = .
 *(.data)
 .data          0x20000000        0x0 Alarm_Actuator.o
 .data          0x20000000        0x0 Algorithm.o
 .data          0x20000000        0x0 driver.o
 .data          0x20000000        0x0 main.o
 .data          0x20000000        0x4 Monitor_Alarm.o
                0x20000000                set_Alarm_state
 .data          0x20000004        0x4 Pressure_Sensor_Driver.o
                0x20000004                set_Pressure_State
 .data          0x20000008        0x0 startup.o
                0x20000008                . = ALIGN (0x4)
                0x20000008                _E_DATA = .

.igot.plt       0x20000008        0x0 load address 0x08000344
 .igot.plt      0x00000000        0x0 Alarm_Actuator.o

.bss            0x20000008     0x100c load address 0x08000344
                0x20000008                _S_bss = .
 *(.bss)
 .bss           0x20000008        0x0 Alarm_Actuator.o
 .bss           0x20000008        0x0 Algorithm.o
 .bss           0x20000008        0x0 driver.o
 .bss           0x20000008        0x0 main.o
 .bss           0x20000008        0x8 Monitor_Alarm.o
                0x20000008                current_state
                0x2000000c                Alarm_triggered_Flag
 .bss           0x20000010        0x4 Pressure_Sensor_Driver.o
                0x20000010                P_Val
 .bss           0x20000014        0x0 startup.o
                0x20000014                _E_bss = .
                0x20000014                . = ALIGN (0x4)
                0x20001014                . = (. + 0x1000)
 *fill*         0x20000014     0x1000 
                0x20001014                _stack_top = .
LOAD Alarm_Actuator.o
LOAD Algorithm.o
LOAD driver.o
LOAD main.o
LOAD Monitor_Alarm.o
LOAD Pressure_Sensor_Driver.o
LOAD startup.o
OUTPUT(High_Pressure_Detection_System.elf elf32-littlearm)

.debug_info     0x00000000      0x689
 .debug_info    0x00000000       0xa4 Alarm_Actuator.o
 .debug_info    0x000000a4       0x96 Algorithm.o
 .debug_info    0x0000013a      0x103 driver.o
 .debug_info    0x0000023d       0xba main.o
 .debug_info    0x000002f7      0x11d Monitor_Alarm.o
 .debug_info    0x00000414       0xea Pressure_Sensor_Driver.o
 .debug_info    0x000004fe      0x18b startup.o

.debug_abbrev   0x00000000      0x3ac
 .debug_abbrev  0x00000000       0x40 Alarm_Actuator.o
 .debug_abbrev  0x00000040       0x60 Algorithm.o
 .debug_abbrev  0x000000a0       0x9d driver.o
 .debug_abbrev  0x0000013d       0x68 main.o
 .debug_abbrev  0x000001a5       0xb7 Monitor_Alarm.o
 .debug_abbrev  0x0000025c       0x7c Pressure_Sensor_Driver.o
 .debug_abbrev  0x000002d8       0xd4 startup.o

.debug_loc      0x00000000      0x328
 .debug_loc     0x00000000       0x58 Alarm_Actuator.o
 .debug_loc     0x00000058       0x70 Algorithm.o
 .debug_loc     0x000000c8       0xc8 driver.o
 .debug_loc     0x00000190       0x2c main.o
 .debug_loc     0x000001bc       0x84 Monitor_Alarm.o
 .debug_loc     0x00000240       0x84 Pressure_Sensor_Driver.o
 .debug_loc     0x000002c4       0x64 startup.o

.debug_aranges  0x00000000       0xe0
 .debug_aranges
                0x00000000       0x20 Alarm_Actuator.o
 .debug_aranges
                0x00000020       0x20 Algorithm.o
 .debug_aranges
                0x00000040       0x20 driver.o
 .debug_aranges
                0x00000060       0x20 main.o
 .debug_aranges
                0x00000080       0x20 Monitor_Alarm.o
 .debug_aranges
                0x000000a0       0x20 Pressure_Sensor_Driver.o
 .debug_aranges
                0x000000c0       0x20 startup.o

.debug_line     0x00000000      0x2e9
 .debug_line    0x00000000       0x43 Alarm_Actuator.o
 .debug_line    0x00000043       0x3f Algorithm.o
 .debug_line    0x00000082       0x98 driver.o
 .debug_line    0x0000011a       0x73 main.o
 .debug_line    0x0000018d       0x5f Monitor_Alarm.o
 .debug_line    0x000001ec       0x51 Pressure_Sensor_Driver.o
 .debug_line    0x0000023d       0xac startup.o

.debug_str      0x00000000      0x305
 .debug_str     0x00000000       0xd6 Alarm_Actuator.o
                                0x10f (size before relaxing)
 .debug_str     0x000000d6       0x53 Algorithm.o
                                 0xa8 (size before relaxing)
 .debug_str     0x00000129       0x55 driver.o
                                0x13c (size before relaxing)
 .debug_str     0x0000017e       0x2f main.o
                                0x116 (size before relaxing)
 .debug_str     0x000001ad       0x81 Monitor_Alarm.o
                                0x178 (size before relaxing)
 .debug_str     0x0000022e       0x57 Pressure_Sensor_Driver.o
                                0x157 (size before relaxing)
 .debug_str     0x00000285       0x80 startup.o
                                0x16b (size before relaxing)

.comment        0x00000000       0x11
 .comment       0x00000000       0x11 Alarm_Actuator.o
                                 0x12 (size before relaxing)
 .comment       0x00000000       0x12 Algorithm.o
 .comment       0x00000000       0x12 driver.o
 .comment       0x00000000       0x12 main.o
 .comment       0x00000000       0x12 Monitor_Alarm.o
 .comment       0x00000000       0x12 Pressure_Sensor_Driver.o
 .comment       0x00000000       0x12 startup.o

.ARM.attributes
                0x00000000       0x33
 .ARM.attributes
                0x00000000       0x33 Alarm_Actuator.o
 .ARM.attributes
                0x00000033       0x33 Algorithm.o
 .ARM.attributes
                0x00000066       0x33 driver.o
 .ARM.attributes
                0x00000099       0x33 main.o
 .ARM.attributes
                0x000000cc       0x33 Monitor_Alarm.o
 .ARM.attributes
                0x000000ff       0x33 Pressure_Sensor_Driver.o
 .ARM.attributes
                0x00000132       0x33 startup.o

.debug_frame    0x00000000      0x244
 .debug_frame   0x00000000       0x48 Alarm_Actuator.o
 .debug_frame   0x00000048       0x50 Algorithm.o
 .debug_frame   0x00000098       0x78 driver.o
 .debug_frame   0x00000110       0x2c main.o
 .debug_frame   0x0000013c       0x5c Monitor_Alarm.o
 .debug_frame   0x00000198       0x60 Pressure_Sensor_Driver.o
 .debug_frame   0x000001f8       0x4c startup.o
