../STM32F103C6_Drivers/MCAL/UASRT_DRIVER/usart_driver.c:47:6:MCAL_UART_INIT	24	static
../STM32F103C6_Drivers/MCAL/UASRT_DRIVER/usart_driver.c:111:6:MCAL_UART_DeINIT	16	static
../STM32F103C6_Drivers/MCAL/UASRT_DRIVER/usart_driver.c:132:6:MCAL_UART_SEND_DATA	24	static
../STM32F103C6_Drivers/MCAL/UASRT_DRIVER/usart_driver.c:150:6:MCAL_UART_WAIT_TC	16	static
../STM32F103C6_Drivers/MCAL/UASRT_DRIVER/usart_driver.c:158:6:MCAL_UART_RECIEVE_DATA	24	static
../STM32F103C6_Drivers/MCAL/UASRT_DRIVER/usart_driver.c:193:6:MCAL_UART_GPIO_SET_PINS	24	static
../STM32F103C6_Drivers/MCAL/UASRT_DRIVER/usart_driver.c:290:6:USART1_IRQHandler	8	static
../STM32F103C6_Drivers/MCAL/UASRT_DRIVER/usart_driver.c:295:6:USART2_IRQHandler	8	static
../STM32F103C6_Drivers/MCAL/UASRT_DRIVER/usart_driver.c:300:6:USART3_IRQHandler	8	static
