Archive member included to satisfy reference by file (symbol)

C:/ST/STM32CubeIDE_1.17.0/STM32CubeIDE/plugins/com.st.stm32cube.ide.mcu.externaltools.gnu-tools-for-stm32.12.3.rel1.win32_1.1.0.202410251130/tools/bin/../lib/gcc/arm-none-eabi/12.3.1/../../../../arm-none-eabi/lib/thumb/v7-m/nofp\libc_nano.a(libc_a-exit.o)
                              C:/ST/STM32CubeIDE_1.17.0/STM32CubeIDE/plugins/com.st.stm32cube.ide.mcu.externaltools.gnu-tools-for-stm32.12.3.rel1.win32_1.1.0.202410251130/tools/bin/../lib/gcc/arm-none-eabi/12.3.1/../../../../arm-none-eabi/lib/thumb/v7-m/nofp/crt0.o (exit)
C:/ST/STM32CubeIDE_1.17.0/STM32CubeIDE/plugins/com.st.stm32cube.ide.mcu.externaltools.gnu-tools-for-stm32.12.3.rel1.win32_1.1.0.202410251130/tools/bin/../lib/gcc/arm-none-eabi/12.3.1/../../../../arm-none-eabi/lib/thumb/v7-m/nofp\libc_nano.a(libc_a-findfp.o)
                              C:/ST/STM32CubeIDE_1.17.0/STM32CubeIDE/plugins/com.st.stm32cube.ide.mcu.externaltools.gnu-tools-for-stm32.12.3.rel1.win32_1.1.0.202410251130/tools/bin/../lib/gcc/arm-none-eabi/12.3.1/../../../../arm-none-eabi/lib/thumb/v7-m/nofp\libc_nano.a(libc_a-exit.o) (__stdio_exit_handler)
C:/ST/STM32CubeIDE_1.17.0/STM32CubeIDE/plugins/com.st.stm32cube.ide.mcu.externaltools.gnu-tools-for-stm32.12.3.rel1.win32_1.1.0.202410251130/tools/bin/../lib/gcc/arm-none-eabi/12.3.1/../../../../arm-none-eabi/lib/thumb/v7-m/nofp\libc_nano.a(libc_a-fwalk.o)
                              C:/ST/STM32CubeIDE_1.17.0/STM32CubeIDE/plugins/com.st.stm32cube.ide.mcu.externaltools.gnu-tools-for-stm32.12.3.rel1.win32_1.1.0.202410251130/tools/bin/../lib/gcc/arm-none-eabi/12.3.1/../../../../arm-none-eabi/lib/thumb/v7-m/nofp\libc_nano.a(libc_a-findfp.o) (_fwalk_sglue)
C:/ST/STM32CubeIDE_1.17.0/STM32CubeIDE/plugins/com.st.stm32cube.ide.mcu.externaltools.gnu-tools-for-stm32.12.3.rel1.win32_1.1.0.202410251130/tools/bin/../lib/gcc/arm-none-eabi/12.3.1/../../../../arm-none-eabi/lib/thumb/v7-m/nofp\libc_nano.a(libc_a-stdio.o)
                              C:/ST/STM32CubeIDE_1.17.0/STM32CubeIDE/plugins/com.st.stm32cube.ide.mcu.externaltools.gnu-tools-for-stm32.12.3.rel1.win32_1.1.0.202410251130/tools/bin/../lib/gcc/arm-none-eabi/12.3.1/../../../../arm-none-eabi/lib/thumb/v7-m/nofp\libc_nano.a(libc_a-findfp.o) (__sread)
C:/ST/STM32CubeIDE_1.17.0/STM32CubeIDE/plugins/com.st.stm32cube.ide.mcu.externaltools.gnu-tools-for-stm32.12.3.rel1.win32_1.1.0.202410251130/tools/bin/../lib/gcc/arm-none-eabi/12.3.1/../../../../arm-none-eabi/lib/thumb/v7-m/nofp\libc_nano.a(libc_a-memset.o)
                              C:/ST/STM32CubeIDE_1.17.0/STM32CubeIDE/plugins/com.st.stm32cube.ide.mcu.externaltools.gnu-tools-for-stm32.12.3.rel1.win32_1.1.0.202410251130/tools/bin/../lib/gcc/arm-none-eabi/12.3.1/../../../../arm-none-eabi/lib/thumb/v7-m/nofp/crt0.o (memset)
C:/ST/STM32CubeIDE_1.17.0/STM32CubeIDE/plugins/com.st.stm32cube.ide.mcu.externaltools.gnu-tools-for-stm32.12.3.rel1.win32_1.1.0.202410251130/tools/bin/../lib/gcc/arm-none-eabi/12.3.1/../../../../arm-none-eabi/lib/thumb/v7-m/nofp\libc_nano.a(libc_a-closer.o)
                              C:/ST/STM32CubeIDE_1.17.0/STM32CubeIDE/plugins/com.st.stm32cube.ide.mcu.externaltools.gnu-tools-for-stm32.12.3.rel1.win32_1.1.0.202410251130/tools/bin/../lib/gcc/arm-none-eabi/12.3.1/../../../../arm-none-eabi/lib/thumb/v7-m/nofp\libc_nano.a(libc_a-stdio.o) (_close_r)
C:/ST/STM32CubeIDE_1.17.0/STM32CubeIDE/plugins/com.st.stm32cube.ide.mcu.externaltools.gnu-tools-for-stm32.12.3.rel1.win32_1.1.0.202410251130/tools/bin/../lib/gcc/arm-none-eabi/12.3.1/../../../../arm-none-eabi/lib/thumb/v7-m/nofp\libc_nano.a(libc_a-reent.o)
                              C:/ST/STM32CubeIDE_1.17.0/STM32CubeIDE/plugins/com.st.stm32cube.ide.mcu.externaltools.gnu-tools-for-stm32.12.3.rel1.win32_1.1.0.202410251130/tools/bin/../lib/gcc/arm-none-eabi/12.3.1/../../../../arm-none-eabi/lib/thumb/v7-m/nofp\libc_nano.a(libc_a-closer.o) (errno)
C:/ST/STM32CubeIDE_1.17.0/STM32CubeIDE/plugins/com.st.stm32cube.ide.mcu.externaltools.gnu-tools-for-stm32.12.3.rel1.win32_1.1.0.202410251130/tools/bin/../lib/gcc/arm-none-eabi/12.3.1/../../../../arm-none-eabi/lib/thumb/v7-m/nofp\libc_nano.a(libc_a-impure.o)
                              C:/ST/STM32CubeIDE_1.17.0/STM32CubeIDE/plugins/com.st.stm32cube.ide.mcu.externaltools.gnu-tools-for-stm32.12.3.rel1.win32_1.1.0.202410251130/tools/bin/../lib/gcc/arm-none-eabi/12.3.1/../../../../arm-none-eabi/lib/thumb/v7-m/nofp\libc_nano.a(libc_a-reent.o) (_impure_ptr)
C:/ST/STM32CubeIDE_1.17.0/STM32CubeIDE/plugins/com.st.stm32cube.ide.mcu.externaltools.gnu-tools-for-stm32.12.3.rel1.win32_1.1.0.202410251130/tools/bin/../lib/gcc/arm-none-eabi/12.3.1/../../../../arm-none-eabi/lib/thumb/v7-m/nofp\libc_nano.a(libc_a-lseekr.o)
[...]
Memory Configuration

Name             Origin             Length             Attributes
RAM              0x20000000         0x00002800         xrw
FLASH            0x08000000         0x00008000         xr
*default*        0x00000000         0xffffffff

Linker script and memory map

LOAD C:/ST/STM32CubeIDE_1.17.0/STM32CubeIDE/plugins/com.st.stm32cube.ide.mcu.externaltools.gnu-tools-for-stm32.12.3.rel1.win32_1.1.0.202410251130/tools/bin/../lib/gcc/arm-none-eabi/12.3.1/thumb/v7-m/nofp/crti.o
LOAD C:/ST/STM32CubeIDE_1.17.0/STM32CubeIDE/plugins/com.st.stm32cube.ide.mcu.externaltools.gnu-tools-for-stm32.12.3.rel1.win32_1.1.0.202410251130/tools/bin/../lib/gcc/arm-none-eabi/12.3.1/thumb/v7-m/nofp/crtbegin.o
LOAD C:/ST/STM32CubeIDE_1.17.0/STM32CubeIDE/plugins/com.st.stm32cube.ide.mcu.externaltools.gnu-tools-for-stm32.12.3.rel1.win32_1.1.0.202410251130/tools/bin/../lib/gcc/arm-none-eabi/12.3.1/../../../../arm-none-eabi/lib/thumb/v7-m/nofp/crt0.o
LOAD ./STM32F103C6_Drivers/GPIO_DRIVER/gpio_driver.o
LOAD ./STM32F103C6_Drivers/KEYPAD_driver/keypad.o
LOAD ./STM32F103C6_Drivers/LCD_DRIVER/lcd.o
LOAD ./Src/main.o
LOAD ./Src/syscalls.o
LOAD ./Src/sysmem.o
LOAD ./Startup/startup_stm32f103c6tx.o
START GROUP
LOAD C:/ST/STM32CubeIDE_1.17.0/STM32CubeIDE/plugins/com.st.stm32cube.ide.mcu.externaltools.gnu-tools-for-stm32.12.3.rel1.win32_1.1.0.202410251130/tools/bin/../lib/gcc/arm-none-eabi/12.3.1/../../../../arm-none-eabi/lib/thumb/v7-m/nofp\libc_nano.a
LOAD C:/ST/STM32CubeIDE_1.17.0/STM32CubeIDE/plugins/com.st.stm32cube.ide.mcu.externaltools.gnu-tools-for-stm32.12.3.rel1.win32_1.1.0.202410251130/tools/bin/../lib/gcc/arm-none-eabi/12.3.1/../../../../arm-none-eabi/lib/thumb/v7-m/nofp\libm.a
END GROUP
START GROUP
LOAD C:/ST/STM32CubeIDE_1.17.0/STM32CubeIDE/plugins/com.st.stm32cube.ide.mcu.externaltools.gnu-tools-for-stm32.12.3.rel1.win32_1.1.0.202410251130/tools/bin/../lib/gcc/arm-none-eabi/12.3.1/thumb/v7-m/nofp\libgcc.a
LOAD C:/ST/STM32CubeIDE_1.17.0/STM32CubeIDE/plugins/com.st.stm32cube.ide.mcu.externaltools.gnu-tools-for-stm32.12.3.rel1.win32_1.1.0.202410251130/tools/bin/../lib/gcc/arm-none-eabi/12.3.1/../../../../arm-none-eabi/lib/thumb/v7-m/nofp\libg_nano.a
LOAD C:/ST/STM32CubeIDE_1.17.0/STM32CubeIDE/plugins/com.st.stm32cube.ide.mcu.externaltools.gnu-tools-for-stm32.12.3.rel1.win32_1.1.0.202410251130/tools/bin/../lib/gcc/arm-none-eabi/12.3.1/../../../../arm-none-eabi/lib/thumb/v7-m/nofp\libc_nano.a
END GROUP
START GROUP
LOAD C:/ST/STM32CubeIDE_1.17.0/STM32CubeIDE/plugins/com.st.stm32cube.ide.mcu.externaltools.gnu-tools-for-stm32.12.3.rel1.win32_1.1.0.202410251130/tools/bin/../lib/gcc/arm-none-eabi/12.3.1/thumb/v7-m/nofp\libgcc.a
LOAD C:/ST/STM32CubeIDE_1.17.0/STM32CubeIDE/plugins/com.st.stm32cube.ide.mcu.externaltools.gnu-tools-for-stm32.12.3.rel1.win32_1.1.0.202410251130/tools/bin/../lib/gcc/arm-none-eabi/12.3.1/../../../../arm-none-eabi/lib/thumb/v7-m/nofp\libc_nano.a
LOAD C:/ST/STM32CubeIDE_1.17.0/STM32CubeIDE/plugins/com.st.stm32cube.ide.mcu.externaltools.gnu-tools-for-stm32.12.3.rel1.win32_1.1.0.202410251130/tools/bin/../lib/gcc/arm-none-eabi/12.3.1/../../../../arm-none-eabi/lib/thumb/v7-m/nofp\libnosys.a
END GROUP
START GROUP
LOAD C:/ST/STM32CubeIDE_1.17.0/STM32CubeIDE/plugins/com.st.stm32cube.ide.mcu.externaltools.gnu-tools-for-stm32.12.3.rel1.win32_1.1.0.202410251130/tools/bin/../lib/gcc/arm-none-eabi/12.3.1/thumb/v7-m/nofp\libgcc.a
LOAD C:/ST/STM32CubeIDE_1.17.0/STM32CubeIDE/plugins/com.st.stm32cube.ide.mcu.externaltools.gnu-tools-for-stm32.12.3.rel1.win32_1.1.0.202410251130/tools/bin/../lib/gcc/arm-none-eabi/12.3.1/../../../../arm-none-eabi/lib/thumb/v7-m/nofp\libc_nano.a
LOAD C:/ST/STM32CubeIDE_1.17.0/STM32CubeIDE/plugins/com.st.stm32cube.ide.mcu.externaltools.gnu-tools-for-stm32.12.3.rel1.win32_1.1.0.202410251130/tools/bin/../lib/gcc/arm-none-eabi/12.3.1/../../../../arm-none-eabi/lib/thumb/v7-m/nofp\libnosys.a
END GROUP
LOAD C:/ST/STM32CubeIDE_1.17.0/STM32CubeIDE/plugins/com.st.stm32cube.ide.mcu.externaltools.gnu-tools-for-stm32.12.3.rel1.win32_1.1.0.202410251130/tools/bin/../lib/gcc/arm-none-eabi/12.3.1/thumb/v7-m/nofp/crtend.o
LOAD C:/ST/STM32CubeIDE_1.17.0/STM32CubeIDE/plugins/com.st.stm32cube.ide.mcu.externaltools.gnu-tools-for-stm32.12.3.rel1.win32_1.1.0.202410251130/tools/bin/../lib/gcc/arm-none-eabi/12.3.1/thumb/v7-m/nofp/crtn.o
                0x20002800                        _estack = (ORIGIN (RAM) + LENGTH (RAM))
                0x00000200                        _Min_Heap_Size = 0x200
                0x00000400                        _Min_Stack_Size = 0x400

.isr_vector     0x08000000      0x130
                0x08000000                        . = ALIGN (0x4)
 *(.isr_vector)
 .isr_vector    0x08000000      0x130 ./Startup/startup_stm32f103c6tx.o
                0x08000000                g_pfnVectors
                0x08000130                        . = ALIGN (0x4)

.text           0x08000130      0xd1c
                0x08000130                        . = ALIGN (0x4)
 *(.text)
 .text          0x08000130       0x40 C:/ST/STM32CubeIDE_1.17.0/STM32CubeIDE/plugins/com.st.stm32cube.ide.mcu.externaltools.gnu-tools-for-stm32.12.3.rel1.win32_1.1.0.202410251130/tools/bin/../lib/gcc/arm-none-eabi/12.3.1/thumb/v7-m/nofp/crtbegin.o
 *(.text*)
 .text.Get_CRLH_Position
                0x08000170      0x16c ./STM32F103C6_Drivers/GPIO_DRIVER/gpio_driver.o
                0x08000170                Get_CRLH_Position
 .text.MCAL_GPIO_Init
                0x080002dc       0xfe ./STM32F103C6_Drivers/GPIO_DRIVER/gpio_driver.o
                0x080002dc                MCAL_GPIO_Init
 .text.MCAL_GPIO_Read_PIN
                0x080003da       0x2e ./STM32F103C6_Drivers/GPIO_DRIVER/gpio_driver.o
                0x080003da                MCAL_GPIO_Read_PIN
 .text.MCAL_GPIO_Write_PIN
                0x08000408       0x2e ./STM32F103C6_Drivers/GPIO_DRIVER/gpio_driver.o
                0x08000408                MCAL_GPIO_Write_PIN
 .text.MCAL_GPIO_Write_PORT
                0x08000436       0x1c ./STM32F103C6_Drivers/GPIO_DRIVER/gpio_driver.o
                0x08000436                MCAL_GPIO_Write_PORT
 *fill*         0x08000452        0x2 
 .text.KEYPAD_INIT
                0x08000454       0xec ./STM32F103C6_Drivers/KEYPAD_driver/keypad.o
                0x08000454                KEYPAD_INIT
 .text.KEYPAD_GETCHAR
                0x08000540      0x194 ./STM32F103C6_Drivers/KEYPAD_driver/keypad.o
                0x08000540                KEYPAD_GETCHAR
 .text.my_wait  0x080006d4       0x3a ./STM32F103C6_Drivers/LCD_DRIVER/lcd.o
                0x080006d4                my_wait
 *fill*         0x0800070e        0x2 
 .text.LCD_KICK
                0x08000710       0x2c ./STM32F103C6_Drivers/LCD_DRIVER/lcd.o
                0x08000710                LCD_KICK
 .text.LCD_WRITE_COMMAND
                0x0800073c       0x48 ./STM32F103C6_Drivers/LCD_DRIVER/lcd.o
                0x0800073c                LCD_WRITE_COMMAND
 .text.LCD_INIT
                0x08000784      0x18c ./STM32F103C6_Drivers/LCD_DRIVER/lcd.o
                0x08000784                LCD_INIT
 .text.LCD_GO_TO_XY
                0x08000910       0x54 ./STM32F103C6_Drivers/LCD_DRIVER/lcd.o
                0x08000910                LCD_GO_TO_XY
 .text.LCD_clear_screen
                0x08000964       0x14 ./STM32F103C6_Drivers/LCD_DRIVER/lcd.o
                0x08000964                LCD_clear_screen
 .text.LCD_IS_BUSY
                0x08000978      0x17c ./STM32F103C6_Drivers/LCD_DRIVER/lcd.o
                0x08000978                LCD_IS_BUSY
 .text.LCD_WRITE_CHAR
                0x08000af4       0x44 ./STM32F103C6_Drivers/LCD_DRIVER/lcd.o
                0x08000af4                LCD_WRITE_CHAR
 .text.LCD_WRITE_STRING
                0x08000b38       0x5a ./STM32F103C6_Drivers/LCD_DRIVER/lcd.o
                0x08000b38                LCD_WRITE_STRING
 .text.my_delay
                0x08000b92       0x3a ./Src/main.o
                0x08000b92                my_delay
 .text.clock_init
                0x08000bcc       0x28 ./Src/main.o
                0x08000bcc                clock_init
 .text.GPIO_inti
                0x08000bf4       0xbc ./Src/main.o
                0x08000bf4                GPIO_inti
 .text.main     0x08000cb0       0xe8 ./Src/main.o
                0x08000cb0                main
 .text.Reset_Handler
                0x08000d98       0x50 ./Startup/startup_stm32f103c6tx.o
                0x08000d98                Reset_Handler
 .text.Default_Handler
                0x08000de8        0x2 ./Startup/startup_stm32f103c6tx.o
                0x08000de8                EXTI2_IRQHandler
                0x08000de8                TIM8_TRG_COM_IRQHandler
                0x08000de8                TIM8_CC_IRQHandler
                0x08000de8                DebugMon_Handler
                0x08000de8                TIM1_CC_IRQHandler
                0x08000de8                HardFault_Handler
                0x08000de8                TIM6_IRQHandler
                0x08000de8                SysTick_Handler
                0x08000de8                PVD_IRQHandler
                0x08000de8                SDIO_IRQHandler
                0x08000de8                PendSV_Handler
                0x08000de8                NMI_Handler
                0x08000de8                EXTI3_IRQHandler
                0x08000de8                USB_HP_CAN_TX_IRQHandler
                0x08000de8                EXTI0_IRQHandler
                0x08000de8                I2C2_EV_IRQHandler
                0x08000de8                UsageFault_Handler
                0x08000de8                ADC1_2_IRQHandler
                0x08000de8                SPI1_IRQHandler
                0x08000de8                CAN_SCE_IRQHandler
                0x08000de8                TAMPER_IRQHandler
                0x08000de8                TIM8_UP_IRQHandler
                0x08000de8                DMA2_Channel2_IRQHandler
                0x08000de8                DMA1_Channel4_IRQHandler
                0x08000de8                USART3_IRQHandler
                0x08000de8                RTC_IRQHandler
                0x08000de8                DMA1_Channel7_IRQHandler
                0x08000de8                UART5_IRQHandler
                0x08000de8                ADC3_IRQHandler
                0x08000de8                TIM4_IRQHandler
                0x08000de8                CAN_RX1_IRQHandler
                0x08000de8                DMA2_Channel1_IRQHandler
                0x08000de8                I2C1_EV_IRQHandler
                0x08000de8                DMA1_Channel6_IRQHandler
                0x08000de8                UART4_IRQHandler
                0x08000de8                TIM3_IRQHandler
                0x08000de8                RCC_IRQHandler
                0x08000de8                TIM1_TRG_COM_IRQHandler
                0x08000de8                DMA1_Channel1_IRQHandler
                0x08000de8                Default_Handler
                0x08000de8                EXTI15_10_IRQHandler
                0x08000de8                TIM7_IRQHandler
                0x08000de8                TIM5_IRQHandler
                0x08000de8                EXTI9_5_IRQHandler
                0x08000de8                SPI2_IRQHandler
                0x08000de8                USB_LP_CAN_RX0_IRQHandler
                0x08000de8                MemManage_Handler
                0x08000de8                SVC_Handler
                0x08000de8                DMA1_Channel5_IRQHandler
                0x08000de8                EXTI4_IRQHandler
                0x08000de8                DMA1_Channel3_IRQHandler
                0x08000de8                FSMC_IRQHandler
                0x08000de8                TIM1_UP_IRQHandler
                0x08000de8                WWDG_IRQHandler
                0x08000de8                TIM2_IRQHandler
                0x08000de8                TIM1_BRK_IRQHandler
                0x08000de8                EXTI1_IRQHandler
                0x08000de8                RTCAlarm_IRQHandler
                0x08000de8                DMA2_Channel4_5_IRQHandler
                0x08000de8                USART2_IRQHandler
                0x08000de8                I2C2_ER_IRQHandler
                0x08000de8                DMA1_Channel2_IRQHandler
                0x08000de8                TIM8_BRK_IRQHandler
                0x08000de8                FLASH_IRQHandler
                0x08000de8                BusFault_Handler
                0x08000de8                USART1_IRQHandler
                0x08000de8                SPI3_IRQHandler
                0x08000de8                I2C1_ER_IRQHandler
                0x08000de8                DMA2_Channel3_IRQHandler
 *fill*         0x08000dea        0x2 
 .text.__libc_init_array
                0x08000dec       0x48 C:/ST/STM32CubeIDE_1.17.0/STM32CubeIDE/plugins/com.st.stm32cube.ide.mcu.externaltools.gnu-tools-for-stm32.12.3.rel1.win32_1.1.0.202410251130/tools/bin/../lib/gcc/arm-none-eabi/12.3.1/../../../../arm-none-eabi/lib/thumb/v7-m/nofp\libc_nano.a(libc_a-init.o)
                0x08000dec                __libc_init_array
 *(.glue_7)
 .glue_7        0x08000e34        0x0 linker stubs
 *(.glue_7t)
 .glue_7t       0x08000e34        0x0 linker stubs
 *(.eh_frame)
 .eh_frame      0x08000e34        0x0 C:/ST/STM32CubeIDE_1.17.0/STM32CubeIDE/plugins/com.st.stm32cube.ide.mcu.externaltools.gnu-tools-for-stm32.12.3.rel1.win32_1.1.0.202410251130/tools/bin/../lib/gcc/arm-none-eabi/12.3.1/thumb/v7-m/nofp/crtbegin.o
 *(.init)
 .init          0x08000e34        0x4 C:/ST/STM32CubeIDE_1.17.0/STM32CubeIDE/plugins/com.st.stm32cube.ide.mcu.externaltools.gnu-tools-for-stm32.12.3.rel1.win32_1.1.0.202410251130/tools/bin/../lib/gcc/arm-none-eabi/12.3.1/thumb/v7-m/nofp/crti.o
                0x08000e34                _init
 .init          0x08000e38        0x8 C:/ST/STM32CubeIDE_1.17.0/STM32CubeIDE/plugins/com.st.stm32cube.ide.mcu.externaltools.gnu-tools-for-stm32.12.3.rel1.win32_1.1.0.202410251130/tools/bin/../lib/gcc/arm-none-eabi/12.3.1/thumb/v7-m/nofp/crtn.o
 *(.fini)
 .fini          0x08000e40        0x4 C:/ST/STM32CubeIDE_1.17.0/STM32CubeIDE/plugins/com.st.stm32cube.ide.mcu.externaltools.gnu-tools-for-stm32.12.3.rel1.win32_1.1.0.202410251130/tools/bin/../lib/gcc/arm-none-eabi/12.3.1/thumb/v7-m/nofp/crti.o
                0x08000e40                _fini
 .fini          0x08000e44        0x8 C:/ST/STM32CubeIDE_1.17.0/STM32CubeIDE/plugins/com.st.stm32cube.ide.mcu.externaltools.gnu-tools-for-stm32.12.3.rel1.win32_1.1.0.202410251130/tools/bin/../lib/gcc/arm-none-eabi/12.3.1/thumb/v7-m/nofp/crtn.o
                0x08000e4c                        . = ALIGN (0x4)
                0x08000e4c                        _etext = .

.vfp11_veneer   0x08000e4c        0x0
 .vfp11_veneer  0x08000e4c        0x0 linker stubs

.v4_bx          0x08000e4c        0x0
 .v4_bx         0x08000e4c        0x0 linker stubs

.iplt           0x08000e4c        0x0
 .iplt          0x08000e4c        0x0 C:/ST/STM32CubeIDE_1.17.0/STM32CubeIDE/plugins/com.st.stm32cube.ide.mcu.externaltools.gnu-tools-for-stm32.12.3.rel1.win32_1.1.0.202410251130/tools/bin/../lib/gcc/arm-none-eabi/12.3.1/thumb/v7-m/nofp/crtbegin.o

.rodata         0x08000e4c       0x3c
                0x08000e4c                        . = ALIGN (0x4)
 *(.rodata)
 .rodata        0x08000e4c       0x3b ./Src/main.o
 *(.rodata*)
                0x08000e88                        . = ALIGN (0x4)
 *fill*         0x08000e87        0x1 

.ARM.extab      0x08000e88        0x0
                0x08000e88                        . = ALIGN (0x4)
 *(.ARM.extab* .gnu.linkonce.armextab.*)
                0x08000e88                        . = ALIGN (0x4)

.ARM            0x08000e88        0x0
                0x08000e88                        . = ALIGN (0x4)
                0x08000e88                        __exidx_start = .
 *(.ARM.exidx*)
                0x08000e88                        __exidx_end = .
                0x08000e88                        . = ALIGN (0x4)

.preinit_array  0x08000e88        0x0
                0x08000e88                        . = ALIGN (0x4)
                0x08000e88                        PROVIDE (__preinit_array_start = .)
 *(.preinit_array*)
                0x08000e88                        PROVIDE (__preinit_array_end = .)
                0x08000e88                        . = ALIGN (0x4)

.init_array     0x08000e88        0x4
                0x08000e88                        . = ALIGN (0x4)
                0x08000e88                        PROVIDE (__init_array_start = .)
 *(SORT_BY_NAME(.init_array.*))
 *(.init_array*)
 .init_array    0x08000e88        0x4 C:/ST/STM32CubeIDE_1.17.0/STM32CubeIDE/plugins/com.st.stm32cube.ide.mcu.externaltools.gnu-tools-for-stm32.12.3.rel1.win32_1.1.0.202410251130/tools/bin/../lib/gcc/arm-none-eabi/12.3.1/thumb/v7-m/nofp/crtbegin.o
                0x08000e8c                        PROVIDE (__init_array_end = .)
                0x08000e8c                        . = ALIGN (0x4)

.fini_array     0x08000e8c        0x4
                0x08000e8c                        . = ALIGN (0x4)
                [!provide]                        PROVIDE (__fini_array_start = .)
 *(SORT_BY_NAME(.fini_array.*))
 *(.fini_array*)
 .fini_array    0x08000e8c        0x4 C:/ST/STM32CubeIDE_1.17.0/STM32CubeIDE/plugins/com.st.stm32cube.ide.mcu.externaltools.gnu-tools-for-stm32.12.3.rel1.win32_1.1.0.202410251130/tools/bin/../lib/gcc/arm-none-eabi/12.3.1/thumb/v7-m/nofp/crtbegin.o
                [!provide]                        PROVIDE (__fini_array_end = .)
                0x08000e90                        . = ALIGN (0x4)
                0x08000e90                        _sidata = LOADADDR (.data)

.rel.dyn        0x08000e90        0x0
 .rel.iplt      0x08000e90        0x0 C:/ST/STM32CubeIDE_1.17.0/STM32CubeIDE/plugins/com.st.stm32cube.ide.mcu.externaltools.gnu-tools-for-stm32.12.3.rel1.win32_1.1.0.202410251130/tools/bin/../lib/gcc/arm-none-eabi/12.3.1/thumb/v7-m/nofp/crtbegin.o

.data           0x20000000       0x20 load address 0x08000e90
                0x20000000                        . = ALIGN (0x4)
                0x20000000                        _sdata = .
 *(.data)
 *(.data*)
 .data.Keypad_Row
                0x20000000       0x10 ./STM32F103C6_Drivers/KEYPAD_driver/keypad.o
                0x20000000                Keypad_Row
 .data.Keypad_Column
                0x20000010       0x10 ./STM32F103C6_Drivers/KEYPAD_driver/keypad.o
                0x20000010                Keypad_Column
 *(.RamFunc)
 *(.RamFunc*)
                0x20000020                        . = ALIGN (0x4)
                0x20000020                        _edata = .

.igot.plt       0x20000020        0x0 load address 0x08000eb0
 .igot.plt      0x20000020        0x0 C:/ST/STM32CubeIDE_1.17.0/STM32CubeIDE/plugins/com.st.stm32cube.ide.mcu.externaltools.gnu-tools-for-stm32.12.3.rel1.win32_1.1.0.202410251130/tools/bin/../lib/gcc/arm-none-eabi/12.3.1/thumb/v7-m/nofp/crtbegin.o
                0x20000020                        . = ALIGN (0x4)

.bss            0x20000020       0x24 load address 0x08000eb0
                0x20000020                        _sbss = .
                0x20000020                        __bss_start__ = _sbss
 *(.bss)
 .bss           0x20000020       0x1c C:/ST/STM32CubeIDE_1.17.0/STM32CubeIDE/plugins/com.st.stm32cube.ide.mcu.externaltools.gnu-tools-for-stm32.12.3.rel1.win32_1.1.0.202410251130/tools/bin/../lib/gcc/arm-none-eabi/12.3.1/thumb/v7-m/nofp/crtbegin.o
 *(.bss*)
 .bss.PinCfg_keypad
                0x2000003c        0x4 ./STM32F103C6_Drivers/KEYPAD_driver/keypad.o
                0x2000003c                PinCfg_keypad
 .bss.PinCfg    0x20000040        0x4 ./STM32F103C6_Drivers/LCD_DRIVER/lcd.o
                0x20000040                PinCfg
 *(COMMON)
                0x20000044                        . = ALIGN (0x4)
                0x20000044                        _ebss = .
                0x20000044                        __bss_end__ = _ebss

._user_heap_stack
                0x20000044      0x604 load address 0x08000eb0
                0x20000048                        . = ALIGN (0x8)
 *fill*         0x20000044        0x4 
                [!provide]                        PROVIDE (end = .)
                0x20000048                        PROVIDE (_end = .)
                0x20000248                        . = (. + _Min_Heap_Size)
 *fill*         0x20000048      0x200 
                0x20000648                        . = (. + _Min_Stack_Size)
 *fill*         0x20000248      0x400 
                0x20000648                        . = ALIGN (0x8)

/DISCARD/
 libc.a(*)
 libm.a(*)
 libgcc.a(*)

.ARM.attributes
                0x00000000       0x29
 *(.ARM.attributes)
 .ARM.attributes
                0x00000000       0x1d C:/ST/STM32CubeIDE_1.17.0/STM32CubeIDE/plugins/com.st.stm32cube.ide.mcu.externaltools.gnu-tools-for-stm32.12.3.rel1.win32_1.1.0.202410251130/tools/bin/../lib/gcc/arm-none-eabi/12.3.1/thumb/v7-m/nofp/crti.o
 .ARM.attributes
                0x0000001d       0x2d C:/ST/STM32CubeIDE_1.17.0/STM32CubeIDE/plugins/com.st.stm32cube.ide.mcu.externaltools.gnu-tools-for-stm32.12.3.rel1.win32_1.1.0.202410251130/tools/bin/../lib/gcc/arm-none-eabi/12.3.1/thumb/v7-m/nofp/crtbegin.o
 .ARM.attributes
                0x0000004a       0x2d ./STM32F103C6_Drivers/GPIO_DRIVER/gpio_driver.o
 .ARM.attributes
                0x00000077       0x2d ./STM32F103C6_Drivers/KEYPAD_driver/keypad.o
 .ARM.attributes
                0x000000a4       0x2d ./STM32F103C6_Drivers/LCD_DRIVER/lcd.o
 .ARM.attributes
                0x000000d1       0x2d ./Src/main.o
 .ARM.attributes
                0x000000fe       0x21 ./Startup/startup_stm32f103c6tx.o
 .ARM.attributes
                0x0000011f       0x2d C:/ST/STM32CubeIDE_1.17.0/STM32CubeIDE/plugins/com.st.stm32cube.ide.mcu.externaltools.gnu-tools-for-stm32.12.3.rel1.win32_1.1.0.202410251130/tools/bin/../lib/gcc/arm-none-eabi/12.3.1/../../../../arm-none-eabi/lib/thumb/v7-m/nofp\libc_nano.a(libc_a-init.o)
 .ARM.attributes
                0x0000014c       0x1d C:/ST/STM32CubeIDE_1.17.0/STM32CubeIDE/plugins/com.st.stm32cube.ide.mcu.externaltools.gnu-tools-for-stm32.12.3.rel1.win32_1.1.0.202410251130/tools/bin/../lib/gcc/arm-none-eabi/12.3.1/thumb/v7-m/nofp/crtn.o
OUTPUT(Drivers.elf elf32-littlearm)
LOAD linker stubs
LOAD C:/ST/STM32CubeIDE_1.17.0/STM32CubeIDE/plugins/com.st.stm32cube.ide.mcu.externaltools.gnu-tools-for-stm32.12.3.rel1.win32_1.1.0.202410251130/tools/bin/../lib/gcc/arm-none-eabi/12.3.1/../../../../arm-none-eabi/lib/thumb/v7-m/nofp\libc.a
LOAD C:/ST/STM32CubeIDE_1.17.0/STM32CubeIDE/plugins/com.st.stm32cube.ide.mcu.externaltools.gnu-tools-for-stm32.12.3.rel1.win32_1.1.0.202410251130/tools/bin/../lib/gcc/arm-none-eabi/12.3.1/../../../../arm-none-eabi/lib/thumb/v7-m/nofp\libm.a
LOAD C:/ST/STM32CubeIDE_1.17.0/STM32CubeIDE/plugins/com.st.stm32cube.ide.mcu.externaltools.gnu-tools-for-stm32.12.3.rel1.win32_1.1.0.202410251130/tools/bin/../lib/gcc/arm-none-eabi/12.3.1/thumb/v7-m/nofp\libgcc.a

.debug_info     0x00000000      0xfb2
 .debug_info    0x00000000      0x495 ./STM32F103C6_Drivers/GPIO_DRIVER/gpio_driver.o
 .debug_info    0x00000495      0x2e5 ./STM32F103C6_Drivers/KEYPAD_driver/keypad.o
 .debug_info    0x0000077a      0x42f ./STM32F103C6_Drivers/LCD_DRIVER/lcd.o
 .debug_info    0x00000ba9      0x3d9 ./Src/main.o
 .debug_info    0x00000f82       0x30 ./Startup/startup_stm32f103c6tx.o

.debug_abbrev   0x00000000      0x5e2
 .debug_abbrev  0x00000000      0x153 ./STM32F103C6_Drivers/GPIO_DRIVER/gpio_driver.o
 .debug_abbrev  0x00000153      0x147 ./STM32F103C6_Drivers/KEYPAD_driver/keypad.o
 .debug_abbrev  0x0000029a      0x198 ./STM32F103C6_Drivers/LCD_DRIVER/lcd.o
 .debug_abbrev  0x00000432      0x193 ./Src/main.o
 .debug_abbrev  0x000005c5       0x1d ./Startup/startup_stm32f103c6tx.o

.debug_loc      0x00000000      0x7a0
 .debug_loc     0x00000000      0x330 ./STM32F103C6_Drivers/GPIO_DRIVER/gpio_driver.o
 .debug_loc     0x00000330       0xd8 ./STM32F103C6_Drivers/KEYPAD_driver/keypad.o
 .debug_loc     0x00000408      0x270 ./STM32F103C6_Drivers/LCD_DRIVER/lcd.o
 .debug_loc     0x00000678      0x128 ./Src/main.o

.debug_aranges  0x00000000      0x150
 .debug_aranges
                0x00000000       0x60 ./STM32F103C6_Drivers/GPIO_DRIVER/gpio_driver.o
 .debug_aranges
                0x00000060       0x30 ./STM32F103C6_Drivers/KEYPAD_driver/keypad.o
 .debug_aranges
                0x00000090       0x60 ./STM32F103C6_Drivers/LCD_DRIVER/lcd.o
 .debug_aranges
                0x000000f0       0x38 ./Src/main.o
 .debug_aranges
                0x00000128       0x28 ./Startup/startup_stm32f103c6tx.o

.debug_ranges   0x00000000      0x108
 .debug_ranges  0x00000000       0x50 ./STM32F103C6_Drivers/GPIO_DRIVER/gpio_driver.o
 .debug_ranges  0x00000050       0x20 ./STM32F103C6_Drivers/KEYPAD_driver/keypad.o
 .debug_ranges  0x00000070       0x50 ./STM32F103C6_Drivers/LCD_DRIVER/lcd.o
 .debug_ranges  0x000000c0       0x28 ./Src/main.o
 .debug_ranges  0x000000e8       0x20 ./Startup/startup_stm32f103c6tx.o

.debug_macro    0x00000000     0x22f4
 .debug_macro   0x00000000      0x150 ./STM32F103C6_Drivers/GPIO_DRIVER/gpio_driver.o
 .debug_macro   0x00000150      0xaae ./STM32F103C6_Drivers/GPIO_DRIVER/gpio_driver.o
 .debug_macro   0x00000bfe       0x24 ./STM32F103C6_Drivers/GPIO_DRIVER/gpio_driver.o
 .debug_macro   0x00000c22       0x22 ./STM32F103C6_Drivers/GPIO_DRIVER/gpio_driver.o
 .debug_macro   0x00000c44       0x5b ./STM32F103C6_Drivers/GPIO_DRIVER/gpio_driver.o
 .debug_macro   0x00000c9f       0x94 ./STM32F103C6_Drivers/GPIO_DRIVER/gpio_driver.o
 .debug_macro   0x00000d33       0x43 ./STM32F103C6_Drivers/GPIO_DRIVER/gpio_driver.o
 .debug_macro   0x00000d76       0x34 ./STM32F103C6_Drivers/GPIO_DRIVER/gpio_driver.o
 .debug_macro   0x00000daa       0x16 ./STM32F103C6_Drivers/GPIO_DRIVER/gpio_driver.o
 .debug_macro   0x00000dc0      0x11c ./STM32F103C6_Drivers/GPIO_DRIVER/gpio_driver.o
 .debug_macro   0x00000edc       0x94 ./STM32F103C6_Drivers/GPIO_DRIVER/gpio_driver.o
 .debug_macro   0x00000f70       0x16 ./STM32F103C6_Drivers/GPIO_DRIVER/gpio_driver.o
 .debug_macro   0x00000f86       0x43 ./STM32F103C6_Drivers/GPIO_DRIVER/gpio_driver.o
 .debug_macro   0x00000fc9       0x57 ./STM32F103C6_Drivers/GPIO_DRIVER/gpio_driver.o
 .debug_macro   0x00001020       0x34 ./STM32F103C6_Drivers/GPIO_DRIVER/gpio_driver.o
 .debug_macro   0x00001054       0x10 ./STM32F103C6_Drivers/GPIO_DRIVER/gpio_driver.o
 .debug_macro   0x00001064       0x58 ./STM32F103C6_Drivers/GPIO_DRIVER/gpio_driver.o
 .debug_macro   0x000010bc       0x8e ./STM32F103C6_Drivers/GPIO_DRIVER/gpio_driver.o
 .debug_macro   0x0000114a       0x1c ./STM32F103C6_Drivers/GPIO_DRIVER/gpio_driver.o
 .debug_macro   0x00001166      0x177 ./STM32F103C6_Drivers/GPIO_DRIVER/gpio_driver.o
 .debug_macro   0x000012dd      0x369 ./STM32F103C6_Drivers/GPIO_DRIVER/gpio_driver.o
 .debug_macro   0x00001646       0x16 ./STM32F103C6_Drivers/GPIO_DRIVER/gpio_driver.o
 .debug_macro   0x0000165c       0x29 ./STM32F103C6_Drivers/GPIO_DRIVER/gpio_driver.o
 .debug_macro   0x00001685      0x103 ./STM32F103C6_Drivers/GPIO_DRIVER/gpio_driver.o
 .debug_macro   0x00001788       0x6a ./STM32F103C6_Drivers/GPIO_DRIVER/gpio_driver.o
 .debug_macro   0x000017f2      0x1df ./STM32F103C6_Drivers/GPIO_DRIVER/gpio_driver.o
 .debug_macro   0x000019d1       0xb4 ./STM32F103C6_Drivers/GPIO_DRIVER/gpio_driver.o
 .debug_macro   0x00001a85       0xd0 ./STM32F103C6_Drivers/GPIO_DRIVER/gpio_driver.o
 .debug_macro   0x00001b55      0x154 ./STM32F103C6_Drivers/KEYPAD_driver/keypad.o
 .debug_macro   0x00001ca9       0x10 ./STM32F103C6_Drivers/KEYPAD_driver/keypad.o
 .debug_macro   0x00001cb9       0xd6 ./STM32F103C6_Drivers/KEYPAD_driver/keypad.o
 .debug_macro   0x00001d8f       0x3a ./STM32F103C6_Drivers/KEYPAD_driver/keypad.o
 .debug_macro   0x00001dc9      0x154 ./STM32F103C6_Drivers/LCD_DRIVER/lcd.o
 .debug_macro   0x00001f1d       0x10 ./STM32F103C6_Drivers/LCD_DRIVER/lcd.o
 .debug_macro   0x00001f2d       0x94 ./STM32F103C6_Drivers/LCD_DRIVER/lcd.o
 .debug_macro   0x00001fc1      0x1ad ./Src/main.o
 .debug_macro   0x0000216e       0x8e ./Src/main.o
 .debug_macro   0x000021fc       0x51 ./Src/main.o
 .debug_macro   0x0000224d       0x61 ./Src/main.o
 .debug_macro   0x000022ae       0x46 ./Src/main.o

.debug_line     0x00000000     0x1fe1
 .debug_line    0x00000000      0x82e ./STM32F103C6_Drivers/GPIO_DRIVER/gpio_driver.o
 .debug_line    0x0000082e      0x7cd ./STM32F103C6_Drivers/KEYPAD_driver/keypad.o
 .debug_line    0x00000ffb      0x866 ./STM32F103C6_Drivers/LCD_DRIVER/lcd.o
 .debug_line    0x00001861      0x6fc ./Src/main.o
 .debug_line    0x00001f5d       0x84 ./Startup/startup_stm32f103c6tx.o

.debug_str      0x00000000     0x7e7b
 .debug_str     0x00000000     0x7962 ./STM32F103C6_Drivers/GPIO_DRIVER/gpio_driver.o
                               0x7b73 (size before relaxing)
 .debug_str     0x00007962      0x118 ./STM32F103C6_Drivers/KEYPAD_driver/keypad.o
                               0x7b6c (size before relaxing)
 .debug_str     0x00007a7a      0x321 ./STM32F103C6_Drivers/LCD_DRIVER/lcd.o
                               0x7db1 (size before relaxing)
 .debug_str     0x00007d9b       0xa1 ./Src/main.o
                               0x7e68 (size before relaxing)
 .debug_str     0x00007e3c       0x3f ./Startup/startup_stm32f103c6tx.o
                                 0x7a (size before relaxing)

.comment        0x00000000       0x43
 .comment       0x00000000       0x43 ./STM32F103C6_Drivers/GPIO_DRIVER/gpio_driver.o
                                 0x44 (size before relaxing)
 .comment       0x00000043       0x44 ./STM32F103C6_Drivers/KEYPAD_driver/keypad.o
 .comment       0x00000043       0x44 ./STM32F103C6_Drivers/LCD_DRIVER/lcd.o
 .comment       0x00000043       0x44 ./Src/main.o

.debug_frame    0x00000000      0x3f8
 .debug_frame   0x00000000      0x178 ./STM32F103C6_Drivers/GPIO_DRIVER/gpio_driver.o
 .debug_frame   0x00000178       0x78 ./STM32F103C6_Drivers/KEYPAD_driver/keypad.o
 .debug_frame   0x000001f0      0x140 ./STM32F103C6_Drivers/LCD_DRIVER/lcd.o
 .debug_frame   0x00000330       0x9c ./Src/main.o
 .debug_frame   0x000003cc       0x2c C:/ST/STM32CubeIDE_1.17.0/STM32CubeIDE/plugins/com.st.stm32cube.ide.mcu.externaltools.gnu-tools-for-stm32.12.3.rel1.win32_1.1.0.202410251130/tools/bin/../lib/gcc/arm-none-eabi/12.3.1/../../../../arm-none-eabi/lib/thumb/v7-m/nofp\libc_nano.a(libc_a-init.o)
