../Core/Src/main.c:38:6:HAL_CAN_TxMailbox0CompleteCallback	16	static
../Core/Src/main.c:43:6:HAL_CAN_RxFifo0MsgPendingCallback	16	static
../Core/Src/main.c:50:6:HAL_CAN_ErrorCallback	16	static
../Core/Src/main.c:61:6:CAN_TX	56	static
../Core/Src/main.c:95:6:CAN_RX_Filter_init	56	static
../Core/Src/main.c:116:6:CAN_RX	56	static
../Core/Src/main.c:146:5:main	8	static
../Core/Src/main.c:189:6:SystemClock_Config	72	static
../Core/Src/main.c:225:13:MX_CAN_Init	8	static
../Core/Src/main.c:262:13:MX_GPIO_Init	16	static
../Core/Src/main.c:284:6:Error_Handler	4	static,ignoring_inline_asm
